Archive member included to satisfy reference by file (symbol)

C:/ST/STM32CubeIDE_1.18.0/STM32CubeIDE/plugins/com.st.stm32cube.ide.mcu.externaltools.gnu-tools-for-stm32.13.3.rel1.win32_1.0.0.202411081344/tools/bin/../lib/gcc/arm-none-eabi/13.3.1/../../../../arm-none-eabi/lib/thumb/v7-m/nofp\libc_nano.a(libc_a-exit.o)
                              C:/ST/STM32CubeIDE_1.18.0/STM32CubeIDE/plugins/com.st.stm32cube.ide.mcu.externaltools.gnu-tools-for-stm32.13.3.rel1.win32_1.0.0.202411081344/tools/bin/../lib/gcc/arm-none-eabi/13.3.1/../../../../arm-none-eabi/lib/thumb/v7-m/nofp/crt0.o (exit)
C:/ST/STM32CubeIDE_1.18.0/STM32CubeIDE/plugins/com.st.stm32cube.ide.mcu.externaltools.gnu-tools-for-stm32.13.3.rel1.win32_1.0.0.202411081344/tools/bin/../lib/gcc/arm-none-eabi/13.3.1/../../../../arm-none-eabi/lib/thumb/v7-m/nofp\libc_nano.a(libc_a-findfp.o)
                              ./Middlewares/Third_Party/FreeRTOS/Source/tasks.o (__sf)
C:/ST/STM32CubeIDE_1.18.0/STM32CubeIDE/plugins/com.st.stm32cube.ide.mcu.externaltools.gnu-tools-for-stm32.13.3.rel1.win32_1.0.0.202411081344/tools/bin/../lib/gcc/arm-none-eabi/13.3.1/../../../../arm-none-eabi/lib/thumb/v7-m/nofp\libc_nano.a(libc_a-fwalk.o)
                              C:/ST/STM32CubeIDE_1.18.0/STM32CubeIDE/plugins/com.st.stm32cube.ide.mcu.externaltools.gnu-tools-for-stm32.13.3.rel1.win32_1.0.0.202411081344/tools/bin/../lib/gcc/arm-none-eabi/13.3.1/../../../../arm-none-eabi/lib/thumb/v7-m/nofp\libc_nano.a(libc_a-findfp.o) (_fwalk_sglue)
C:/ST/STM32CubeIDE_1.18.0/STM32CubeIDE/plugins/com.st.stm32cube.ide.mcu.externaltools.gnu-tools-for-stm32.13.3.rel1.win32_1.0.0.202411081344/tools/bin/../lib/gcc/arm-none-eabi/13.3.1/../../../../arm-none-eabi/lib/thumb/v7-m/nofp\libc_nano.a(libc_a-stdio.o)
                              C:/ST/STM32CubeIDE_1.18.0/STM32CubeIDE/plugins/com.st.stm32cube.ide.mcu.externaltools.gnu-tools-for-stm32.13.3.rel1.win32_1.0.0.202411081344/tools/bin/../lib/gcc/arm-none-eabi/13.3.1/../../../../arm-none-eabi/lib/thumb/v7-m/nofp\libc_nano.a(libc_a-findfp.o) (__sread)
C:/ST/STM32CubeIDE_1.18.0/STM32CubeIDE/plugins/com.st.stm32cube.ide.mcu.externaltools.gnu-tools-for-stm32.13.3.rel1.win32_1.0.0.202411081344/tools/bin/../lib/gcc/arm-none-eabi/13.3.1/../../../../arm-none-eabi/lib/thumb/v7-m/nofp\libc_nano.a(libc_a-vsnprintf.o)
                              ./Core/Src/uart.o (vsnprintf)
C:/ST/STM32CubeIDE_1.18.0/STM32CubeIDE/plugins/com.st.stm32cube.ide.mcu.externaltools.gnu-tools-for-stm32.13.3.rel1.win32_1.0.0.202411081344/tools/bin/../lib/gcc/arm-none-eabi/13.3.1/../../../../arm-none-eabi/lib/thumb/v7-m/nofp\libc_nano.a(libc_a-memset.o)
                              C:/ST/STM32CubeIDE_1.18.0/STM32CubeIDE/plugins/com.st.stm32cube.ide.mcu.externaltools.gnu-tools-for-stm32.13.3.rel1.win32_1.0.0.202411081344/tools/bin/../lib/gcc/arm-none-eabi/13.3.1/../../../../arm-none-eabi/lib/thumb/v7-m/nofp/crt0.o (memset)
C:/ST/STM32CubeIDE_1.18.0/STM32CubeIDE/plugins/com.st.stm32cube.ide.mcu.externaltools.gnu-tools-for-stm32.13.3.rel1.win32_1.0.0.202411081344/tools/bin/../lib/gcc/arm-none-eabi/13.3.1/../../../../arm-none-eabi/lib/thumb/v7-m/nofp\libc_nano.a(libc_a-closer.o)
                              C:/ST/STM32CubeIDE_1.18.0/STM32CubeIDE/plugins/com.st.stm32cube.ide.mcu.externaltools.gnu-tools-for-stm32.13.3.rel1.win32_1.0.0.202411081344/tools/bin/../lib/gcc/arm-none-eabi/13.3.1/../../../../arm-none-eabi/lib/thumb/v7-m/nofp\libc_nano.a(libc_a-stdio.o) (_close_r)
C:/ST/STM32CubeIDE_1.18.0/STM32CubeIDE/plugins/com.st.stm32cube.ide.mcu.externaltools.gnu-tools-for-stm32.13.3.rel1.win32_1.0.0.202411081344/tools/bin/../lib/gcc/arm-none-eabi/13.3.1/../../../../arm-none-eabi/lib/thumb/v7-m/nofp\libc_nano.a(libc_a-reent.o)
                              ./Middlewares/Third_Party/FreeRTOS/Source/tasks.o (_reclaim_reent)
C:/ST/STM32CubeIDE_1.18.0/STM32CubeIDE/plugins/com.st.stm32cube.ide.mcu.externaltools.gnu-tools-for-stm32.13.3.rel1.win32_1.0.0.202411081344/tools/bin/../lib/gcc/arm-none-eabi/13.3.1/../../../../arm-none-eabi/lib/thumb/v7-m/nofp\libc_nano.a(libc_a-impure.o)
                              ./Middlewares/Third_Party/FreeRTOS/Source/tasks.o (_impure_ptr)
C:/ST/STM32CubeIDE_1.18.0/STM32CubeIDE/plugins/com.st.stm32cube.ide.mcu.externaltools.gnu-tools-for-stm32.13.3.rel1.win32_1.0.0.202411081344/tools/bin/../lib/gcc/arm-none-eabi/13.3.1/../../../../arm-none-eabi/lib/thumb/v7-m/nofp\libc_nano.a(libc_a-lseekr.o)
                              C:/ST/STM32CubeIDE_1.18.0/STM32CubeIDE/plugins/com.st.stm32cube.ide.mcu.externaltools.gnu-tools-for-stm32.13.3.rel1.win32_1.0.0.202411081344/tools/bin/../lib/gcc/arm-none-eabi/13.3.1/../../../../arm-none-eabi/lib/thumb/v7-m/nofp\libc_nano.a(libc_a-stdio.o) (_lseek_r)
C:/ST/STM32CubeIDE_1.18.0/STM32CubeIDE/plugins/com.st.stm32cube.ide.mcu.externaltools.gnu-tools-for-stm32.13.3.rel1.win32_1.0.0.202411081344/tools/bin/../lib/gcc/arm-none-eabi/13.3.1/../../../../arm-none-eabi/lib/thumb/v7-m/nofp\libc_nano.a(libc_a-readr.o)
[...]
Memory Configuration

Name             Origin             Length             Attributes
RAM              0x20000000         0x00005000         xrw
FLASH            0x08000000         0x00020000         xr
*default*        0x00000000         0xffffffff

Linker script and memory map

LOAD C:/ST/STM32CubeIDE_1.18.0/STM32CubeIDE/plugins/com.st.stm32cube.ide.mcu.externaltools.gnu-tools-for-stm32.13.3.rel1.win32_1.0.0.202411081344/tools/bin/../lib/gcc/arm-none-eabi/13.3.1/thumb/v7-m/nofp/crti.o
LOAD C:/ST/STM32CubeIDE_1.18.0/STM32CubeIDE/plugins/com.st.stm32cube.ide.mcu.externaltools.gnu-tools-for-stm32.13.3.rel1.win32_1.0.0.202411081344/tools/bin/../lib/gcc/arm-none-eabi/13.3.1/thumb/v7-m/nofp/crtbegin.o
LOAD C:/ST/STM32CubeIDE_1.18.0/STM32CubeIDE/plugins/com.st.stm32cube.ide.mcu.externaltools.gnu-tools-for-stm32.13.3.rel1.win32_1.0.0.202411081344/tools/bin/../lib/gcc/arm-none-eabi/13.3.1/../../../../arm-none-eabi/lib/thumb/v7-m/nofp/crt0.o
LOAD ./Core/Src/ap.o
LOAD ./Core/Src/bsp.o
LOAD ./Core/Src/freertos.o
LOAD ./Core/Src/hw.o
LOAD ./Core/Src/main.o
LOAD ./Core/Src/qbuffer.o
LOAD ./Core/Src/stm32f1xx_hal_msp.o
LOAD ./Core/Src/stm32f1xx_hal_timebase_tim.o
LOAD ./Core/Src/stm32f1xx_it.o
LOAD ./Core/Src/syscalls.o
LOAD ./Core/Src/sysmem.o
LOAD ./Core/Src/system_stm32f1xx.o
LOAD ./Core/Src/temperature.o
LOAD ./Core/Src/uart.o
LOAD ./Core/Src/ultrasonic.o
LOAD ./Core/Startup/startup_stm32f103rbtx.o
LOAD ./Drivers/STM32F1xx_HAL_Driver/Src/stm32f1xx_hal.o
LOAD ./Drivers/STM32F1xx_HAL_Driver/Src/stm32f1xx_hal_adc.o
LOAD ./Drivers/STM32F1xx_HAL_Driver/Src/stm32f1xx_hal_adc_ex.o
LOAD ./Drivers/STM32F1xx_HAL_Driver/Src/stm32f1xx_hal_cortex.o
LOAD ./Drivers/STM32F1xx_HAL_Driver/Src/stm32f1xx_hal_dma.o
LOAD ./Drivers/STM32F1xx_HAL_Driver/Src/stm32f1xx_hal_exti.o
LOAD ./Drivers/STM32F1xx_HAL_Driver/Src/stm32f1xx_hal_flash.o
LOAD ./Drivers/STM32F1xx_HAL_Driver/Src/stm32f1xx_hal_flash_ex.o
LOAD ./Drivers/STM32F1xx_HAL_Driver/Src/stm32f1xx_hal_gpio.o
LOAD ./Drivers/STM32F1xx_HAL_Driver/Src/stm32f1xx_hal_gpio_ex.o
LOAD ./Drivers/STM32F1xx_HAL_Driver/Src/stm32f1xx_hal_pwr.o
LOAD ./Drivers/STM32F1xx_HAL_Driver/Src/stm32f1xx_hal_rcc.o
LOAD ./Drivers/STM32F1xx_HAL_Driver/Src/stm32f1xx_hal_rcc_ex.o
LOAD ./Drivers/STM32F1xx_HAL_Driver/Src/stm32f1xx_hal_tim.o
LOAD ./Drivers/STM32F1xx_HAL_Driver/Src/stm32f1xx_hal_tim_ex.o
LOAD ./Drivers/STM32F1xx_HAL_Driver/Src/stm32f1xx_hal_uart.o
LOAD ./Middlewares/Third_Party/FreeRTOS/Source/CMSIS_RTOS_V2/cmsis_os2.o
LOAD ./Middlewares/Third_Party/FreeRTOS/Source/croutine.o
LOAD ./Middlewares/Third_Party/FreeRTOS/Source/event_groups.o
LOAD ./Middlewares/Third_Party/FreeRTOS/Source/list.o
LOAD ./Middlewares/Third_Party/FreeRTOS/Source/queue.o
LOAD ./Middlewares/Third_Party/FreeRTOS/Source/stream_buffer.o
LOAD ./Middlewares/Third_Party/FreeRTOS/Source/tasks.o
LOAD ./Middlewares/Third_Party/FreeRTOS/Source/timers.o
LOAD ./Middlewares/Third_Party/FreeRTOS/Source/portable/GCC/ARM_CM3/port.o
LOAD ./Middlewares/Third_Party/FreeRTOS/Source/portable/MemMang/heap_4.o
START GROUP
LOAD C:/ST/STM32CubeIDE_1.18.0/STM32CubeIDE/plugins/com.st.stm32cube.ide.mcu.externaltools.gnu-tools-for-stm32.13.3.rel1.win32_1.0.0.202411081344/tools/bin/../lib/gcc/arm-none-eabi/13.3.1/../../../../arm-none-eabi/lib/thumb/v7-m/nofp\libc_nano.a
LOAD C:/ST/STM32CubeIDE_1.18.0/STM32CubeIDE/plugins/com.st.stm32cube.ide.mcu.externaltools.gnu-tools-for-stm32.13.3.rel1.win32_1.0.0.202411081344/tools/bin/../lib/gcc/arm-none-eabi/13.3.1/../../../../arm-none-eabi/lib/thumb/v7-m/nofp\libm.a
END GROUP
START GROUP
LOAD C:/ST/STM32CubeIDE_1.18.0/STM32CubeIDE/plugins/com.st.stm32cube.ide.mcu.externaltools.gnu-tools-for-stm32.13.3.rel1.win32_1.0.0.202411081344/tools/bin/../lib/gcc/arm-none-eabi/13.3.1/thumb/v7-m/nofp\libgcc.a
LOAD C:/ST/STM32CubeIDE_1.18.0/STM32CubeIDE/plugins/com.st.stm32cube.ide.mcu.externaltools.gnu-tools-for-stm32.13.3.rel1.win32_1.0.0.202411081344/tools/bin/../lib/gcc/arm-none-eabi/13.3.1/../../../../arm-none-eabi/lib/thumb/v7-m/nofp\libc_nano.a
END GROUP
START GROUP
LOAD C:/ST/STM32CubeIDE_1.18.0/STM32CubeIDE/plugins/com.st.stm32cube.ide.mcu.externaltools.gnu-tools-for-stm32.13.3.rel1.win32_1.0.0.202411081344/tools/bin/../lib/gcc/arm-none-eabi/13.3.1/thumb/v7-m/nofp\libgcc.a
LOAD C:/ST/STM32CubeIDE_1.18.0/STM32CubeIDE/plugins/com.st.stm32cube.ide.mcu.externaltools.gnu-tools-for-stm32.13.3.rel1.win32_1.0.0.202411081344/tools/bin/../lib/gcc/arm-none-eabi/13.3.1/../../../../arm-none-eabi/lib/thumb/v7-m/nofp\libc_nano.a
LOAD C:/ST/STM32CubeIDE_1.18.0/STM32CubeIDE/plugins/com.st.stm32cube.ide.mcu.externaltools.gnu-tools-for-stm32.13.3.rel1.win32_1.0.0.202411081344/tools/bin/../lib/gcc/arm-none-eabi/13.3.1/../../../../arm-none-eabi/lib/thumb/v7-m/nofp\libnosys.a
END GROUP
START GROUP
LOAD C:/ST/STM32CubeIDE_1.18.0/STM32CubeIDE/plugins/com.st.stm32cube.ide.mcu.externaltools.gnu-tools-for-stm32.13.3.rel1.win32_1.0.0.202411081344/tools/bin/../lib/gcc/arm-none-eabi/13.3.1/thumb/v7-m/nofp\libgcc.a
LOAD C:/ST/STM32CubeIDE_1.18.0/STM32CubeIDE/plugins/com.st.stm32cube.ide.mcu.externaltools.gnu-tools-for-stm32.13.3.rel1.win32_1.0.0.202411081344/tools/bin/../lib/gcc/arm-none-eabi/13.3.1/../../../../arm-none-eabi/lib/thumb/v7-m/nofp\libc_nano.a
LOAD C:/ST/STM32CubeIDE_1.18.0/STM32CubeIDE/plugins/com.st.stm32cube.ide.mcu.externaltools.gnu-tools-for-stm32.13.3.rel1.win32_1.0.0.202411081344/tools/bin/../lib/gcc/arm-none-eabi/13.3.1/../../../../arm-none-eabi/lib/thumb/v7-m/nofp\libnosys.a
END GROUP
LOAD C:/ST/STM32CubeIDE_1.18.0/STM32CubeIDE/plugins/com.st.stm32cube.ide.mcu.externaltools.gnu-tools-for-stm32.13.3.rel1.win32_1.0.0.202411081344/tools/bin/../lib/gcc/arm-none-eabi/13.3.1/thumb/v7-m/nofp/crtend.o
LOAD C:/ST/STM32CubeIDE_1.18.0/STM32CubeIDE/plugins/com.st.stm32cube.ide.mcu.externaltools.gnu-tools-for-stm32.13.3.rel1.win32_1.0.0.202411081344/tools/bin/../lib/gcc/arm-none-eabi/13.3.1/thumb/v7-m/nofp/crtn.o
                0x20005000                        _estack = (ORIGIN (RAM) + LENGTH (RAM))
                0x00000200                        _Min_Heap_Size = 0x200
                0x00000400                        _Min_Stack_Size = 0x400

.isr_vector     0x08000000      0x10c
                0x08000000                        . = ALIGN (0x4)
 *(.isr_vector)
 .isr_vector    0x08000000      0x10c ./Core/Startup/startup_stm32f103rbtx.o
                0x08000000                g_pfnVectors
                0x0800010c                        . = ALIGN (0x4)

.text           0x08000110     0x6fdc
                0x08000110                        . = ALIGN (0x4)
 *(.text)
 .text          0x08000110       0x40 C:/ST/STM32CubeIDE_1.18.0/STM32CubeIDE/plugins/com.st.stm32cube.ide.mcu.externaltools.gnu-tools-for-stm32.13.3.rel1.win32_1.0.0.202411081344/tools/bin/../lib/gcc/arm-none-eabi/13.3.1/thumb/v7-m/nofp/crtbegin.o
 *(.text*)
 .text.apInit   0x08000150       0xe4 ./Core/Src/ap.o
                0x08000150                apInit
 .text.apMain   0x08000234        0xc ./Core/Src/ap.o
                0x08000234                apMain
 .text.StartDefaultTask
                0x08000240       0x10 ./Core/Src/ap.o
                0x08000240                StartDefaultTask
 .text.StartTask02
                0x08000250       0x10 ./Core/Src/ap.o
                0x08000250                StartTask02
 .text.StartTask03
                0x08000260       0x10 ./Core/Src/ap.o
                0x08000260                StartTask03
 .text.bspInit  0x08000270       0x10 ./Core/Src/bsp.o
                0x08000270                bspInit
 .text.SystemClock_Config
                0x08000280       0xac ./Core/Src/bsp.o
                0x08000280                SystemClock_Config
 .text.HAL_TIM_PeriodElapsedCallback
                0x0800032c       0x24 ./Core/Src/bsp.o
                0x0800032c                HAL_TIM_PeriodElapsedCallback
 .text.Error_Handler
                0x08000350        0xc ./Core/Src/bsp.o
                0x08000350                Error_Handler
 .text.hwInit   0x0800035c       0x20 ./Core/Src/hw.o
                0x0800035c                hwInit
 .text.MX_ADC1_Init
                0x0800037c       0x9c ./Core/Src/hw.o
 .text.MX_DMA_Init
                0x08000418       0x4c ./Core/Src/hw.o
 .text.MX_GPIO_Init
                0x08000464       0xdc ./Core/Src/hw.o
 .text.MX_TIM1_Init
                0x08000540      0x1a0 ./Core/Src/hw.o
 .text.HAL_ADC_ConvCpltCallback
                0x080006e0       0x12 ./Core/Src/hw.o
                0x080006e0                HAL_ADC_ConvCpltCallback
 .text.main     0x080006f2       0x14 ./Core/Src/main.o
                0x080006f2                main
 .text.qbufferCreate
                0x08000706       0x34 ./Core/Src/qbuffer.o
                0x08000706                qbufferCreate
 *fill*         0x0800073a        0x2 
 .text.HAL_MspInit
                0x0800073c       0x70 ./Core/Src/stm32f1xx_hal_msp.o
                0x0800073c                HAL_MspInit
 .text.HAL_ADC_MspInit
                0x080007ac       0xe0 ./Core/Src/stm32f1xx_hal_msp.o
                0x080007ac                HAL_ADC_MspInit
 .text.HAL_TIM_Base_MspInit
                0x0800088c       0x80 ./Core/Src/stm32f1xx_hal_msp.o
                0x0800088c                HAL_TIM_Base_MspInit
 .text.HAL_TIM_MspPostInit
                0x0800090c       0x68 ./Core/Src/stm32f1xx_hal_msp.o
                0x0800090c                HAL_TIM_MspPostInit
 .text.HAL_UART_MspInit
                0x08000974       0xd0 ./Core/Src/stm32f1xx_hal_msp.o
                0x08000974                HAL_UART_MspInit
 .text.HAL_InitTick
                0x08000a44       0xfc ./Core/Src/stm32f1xx_hal_timebase_tim.o
                0x08000a44                HAL_InitTick
 .text.NMI_Handler
                0x08000b40        0x8 ./Core/Src/stm32f1xx_it.o
                0x08000b40                NMI_Handler
 .text.HardFault_Handler
                0x08000b48        0x8 ./Core/Src/stm32f1xx_it.o
                0x08000b48                HardFault_Handler
 .text.MemManage_Handler
                0x08000b50        0x8 ./Core/Src/stm32f1xx_it.o
                0x08000b50                MemManage_Handler
 .text.BusFault_Handler
                0x08000b58        0x8 ./Core/Src/stm32f1xx_it.o
                0x08000b58                BusFault_Handler
 .text.UsageFault_Handler
                0x08000b60        0x8 ./Core/Src/stm32f1xx_it.o
                0x08000b60                UsageFault_Handler
 .text.DebugMon_Handler
                0x08000b68        0xc ./Core/Src/stm32f1xx_it.o
                0x08000b68                DebugMon_Handler
 .text.DMA1_Channel1_IRQHandler
                0x08000b74       0x14 ./Core/Src/stm32f1xx_it.o
                0x08000b74                DMA1_Channel1_IRQHandler
 .text.DMA1_Channel6_IRQHandler
                0x08000b88       0x14 ./Core/Src/stm32f1xx_it.o
                0x08000b88                DMA1_Channel6_IRQHandler
 .text.ADC1_2_IRQHandler
                0x08000b9c       0x14 ./Core/Src/stm32f1xx_it.o
                0x08000b9c                ADC1_2_IRQHandler
 .text.TIM3_IRQHandler
                0x08000bb0       0x14 ./Core/Src/stm32f1xx_it.o
                0x08000bb0                TIM3_IRQHandler
 .text.EXTI15_10_IRQHandler
                0x08000bc4       0x10 ./Core/Src/stm32f1xx_it.o
                0x08000bc4                EXTI15_10_IRQHandler
 .text.SystemInit
                0x08000bd4        0xc ./Core/Src/system_stm32f1xx.o
                0x08000bd4                SystemInit
 .text.uartInit
                0x08000be0       0x34 ./Core/Src/uart.o
                0x08000be0                uartInit
 .text.uartOpen
                0x08000c14       0xe8 ./Core/Src/uart.o
                0x08000c14                uartOpen
 .text.HAL_UART_ErrorCallback
                0x08000cfc       0x12 ./Core/Src/uart.o
                0x08000cfc                HAL_UART_ErrorCallback
 .text.HAL_UART_RxCpltCallback
                0x08000d0e       0x12 ./Core/Src/uart.o
                0x08000d0e                HAL_UART_RxCpltCallback
 .text.ultrasonicInit
                0x08000d20       0x18 ./Core/Src/ultrasonic.o
                0x08000d20                ultrasonicInit
 .text.Reset_Handler
                0x08000d38       0x48 ./Core/Startup/startup_stm32f103rbtx.o
                0x08000d38                Reset_Handler
 .text.Default_Handler
                0x08000d80        0x2 ./Core/Startup/startup_stm32f103rbtx.o
                0x08000d80                RTC_Alarm_IRQHandler
                0x08000d80                EXTI2_IRQHandler
                0x08000d80                TIM1_CC_IRQHandler
                0x08000d80                PVD_IRQHandler
                0x08000d80                EXTI3_IRQHandler
                0x08000d80                EXTI0_IRQHandler
                0x08000d80                I2C2_EV_IRQHandler
                0x08000d80                SPI1_IRQHandler
                0x08000d80                TAMPER_IRQHandler
                0x08000d80                DMA1_Channel4_IRQHandler
                0x08000d80                USART3_IRQHandler
                0x08000d80                RTC_IRQHandler
                0x08000d80                DMA1_Channel7_IRQHandler
                0x08000d80                CAN1_RX1_IRQHandler
                0x08000d80                TIM4_IRQHandler
                0x08000d80                I2C1_EV_IRQHandler
                0x08000d80                RCC_IRQHandler
                0x08000d80                TIM1_TRG_COM_IRQHandler
                0x08000d80                Default_Handler
                0x08000d80                EXTI9_5_IRQHandler
                0x08000d80                SPI2_IRQHandler
                0x08000d80                DMA1_Channel5_IRQHandler
                0x08000d80                EXTI4_IRQHandler
                0x08000d80                USB_LP_CAN1_RX0_IRQHandler
                0x08000d80                USB_HP_CAN1_TX_IRQHandler
                0x08000d80                DMA1_Channel3_IRQHandler
                0x08000d80                TIM1_UP_IRQHandler
                0x08000d80                WWDG_IRQHandler
                0x08000d80                TIM2_IRQHandler
                0x08000d80                TIM1_BRK_IRQHandler
                0x08000d80                EXTI1_IRQHandler
                0x08000d80                USART2_IRQHandler
                0x08000d80                I2C2_ER_IRQHandler
                0x08000d80                DMA1_Channel2_IRQHandler
                0x08000d80                CAN1_SCE_IRQHandler
                0x08000d80                FLASH_IRQHandler
                0x08000d80                USART1_IRQHandler
                0x08000d80                I2C1_ER_IRQHandler
                0x08000d80                USBWakeUp_IRQHandler
 *fill*         0x08000d82        0x2 
 .text.HAL_Init
                0x08000d84       0x2c ./Drivers/STM32F1xx_HAL_Driver/Src/stm32f1xx_hal.o
                0x08000d84                HAL_Init
 .text.HAL_IncTick
                0x08000db0       0x24 ./Drivers/STM32F1xx_HAL_Driver/Src/stm32f1xx_hal.o
                0x08000db0                HAL_IncTick
 .text.HAL_GetTick
                0x08000dd4       0x14 ./Drivers/STM32F1xx_HAL_Driver/Src/stm32f1xx_hal.o
                0x08000dd4                HAL_GetTick
 .text.HAL_ADC_Init
                0x08000de8      0x1b0 ./Drivers/STM32F1xx_HAL_Driver/Src/stm32f1xx_hal_adc.o
                0x08000de8                HAL_ADC_Init
 .text.HAL_ADC_IRQHandler
                0x08000f98      0x17e ./Drivers/STM32F1xx_HAL_Driver/Src/stm32f1xx_hal_adc.o
                0x08000f98                HAL_ADC_IRQHandler
 .text.HAL_ADC_LevelOutOfWindowCallback
                0x08001116       0x12 ./Drivers/STM32F1xx_HAL_Driver/Src/stm32f1xx_hal_adc.o
                0x08001116                HAL_ADC_LevelOutOfWindowCallback
 .text.HAL_ADC_ConfigChannel
                0x08001128      0x1f0 ./Drivers/STM32F1xx_HAL_Driver/Src/stm32f1xx_hal_adc.o
                0x08001128                HAL_ADC_ConfigChannel
 .text.ADC_ConversionStop_Disable
                0x08001318       0x82 ./Drivers/STM32F1xx_HAL_Driver/Src/stm32f1xx_hal_adc.o
                0x08001318                ADC_ConversionStop_Disable
 .text.HAL_ADCEx_InjectedConvCpltCallback
                0x0800139a       0x12 ./Drivers/STM32F1xx_HAL_Driver/Src/stm32f1xx_hal_adc_ex.o
                0x0800139a                HAL_ADCEx_InjectedConvCpltCallback
 .text.__NVIC_SetPriorityGrouping
                0x080013ac       0x48 ./Drivers/STM32F1xx_HAL_Driver/Src/stm32f1xx_hal_cortex.o
 .text.__NVIC_GetPriorityGrouping
                0x080013f4       0x1c ./Drivers/STM32F1xx_HAL_Driver/Src/stm32f1xx_hal_cortex.o
 .text.__NVIC_EnableIRQ
                0x08001410       0x38 ./Drivers/STM32F1xx_HAL_Driver/Src/stm32f1xx_hal_cortex.o
 .text.__NVIC_SetPriority
                0x08001448       0x54 ./Drivers/STM32F1xx_HAL_Driver/Src/stm32f1xx_hal_cortex.o
 .text.NVIC_EncodePriority
                0x0800149c       0x64 ./Drivers/STM32F1xx_HAL_Driver/Src/stm32f1xx_hal_cortex.o
 .text.HAL_NVIC_SetPriorityGrouping
                0x08001500       0x16 ./Drivers/STM32F1xx_HAL_Driver/Src/stm32f1xx_hal_cortex.o
                0x08001500                HAL_NVIC_SetPriorityGrouping
 .text.HAL_NVIC_SetPriority
                0x08001516       0x38 ./Drivers/STM32F1xx_HAL_Driver/Src/stm32f1xx_hal_cortex.o
                0x08001516                HAL_NVIC_SetPriority
 .text.HAL_NVIC_EnableIRQ
                0x0800154e       0x1c ./Drivers/STM32F1xx_HAL_Driver/Src/stm32f1xx_hal_cortex.o
                0x0800154e                HAL_NVIC_EnableIRQ
 *fill*         0x0800156a        0x2 
 .text.HAL_DMA_Init
                0x0800156c       0xb4 ./Drivers/STM32F1xx_HAL_Driver/Src/stm32f1xx_hal_dma.o
                0x0800156c                HAL_DMA_Init
 .text.HAL_DMA_Start_IT
                0x08001620       0xc0 ./Drivers/STM32F1xx_HAL_Driver/Src/stm32f1xx_hal_dma.o
                0x08001620                HAL_DMA_Start_IT
 .text.HAL_DMA_IRQHandler
                0x080016e0      0x20c ./Drivers/STM32F1xx_HAL_Driver/Src/stm32f1xx_hal_dma.o
                0x080016e0                HAL_DMA_IRQHandler
 .text.DMA_SetConfig
                0x080018ec       0x5a ./Drivers/STM32F1xx_HAL_Driver/Src/stm32f1xx_hal_dma.o
 *fill*         0x08001946        0x2 
 .text.HAL_GPIO_Init
                0x08001948      0x308 ./Drivers/STM32F1xx_HAL_Driver/Src/stm32f1xx_hal_gpio.o
                0x08001948                HAL_GPIO_Init
 .text.HAL_GPIO_WritePin
                0x08001c50       0x30 ./Drivers/STM32F1xx_HAL_Driver/Src/stm32f1xx_hal_gpio.o
                0x08001c50                HAL_GPIO_WritePin
 .text.HAL_GPIO_EXTI_IRQHandler
                0x08001c80       0x30 ./Drivers/STM32F1xx_HAL_Driver/Src/stm32f1xx_hal_gpio.o
                0x08001c80                HAL_GPIO_EXTI_IRQHandler
 .text.HAL_GPIO_EXTI_Callback
                0x08001cb0       0x14 ./Drivers/STM32F1xx_HAL_Driver/Src/stm32f1xx_hal_gpio.o
                0x08001cb0                HAL_GPIO_EXTI_Callback
 .text.HAL_RCC_OscConfig
                0x08001cc4      0x504 ./Drivers/STM32F1xx_HAL_Driver/Src/stm32f1xx_hal_rcc.o
                0x08001cc4                HAL_RCC_OscConfig
 .text.HAL_RCC_ClockConfig
                0x080021c8      0x1d4 ./Drivers/STM32F1xx_HAL_Driver/Src/stm32f1xx_hal_rcc.o
                0x080021c8                HAL_RCC_ClockConfig
 .text.HAL_RCC_GetSysClockFreq
                0x0800239c       0xa8 ./Drivers/STM32F1xx_HAL_Driver/Src/stm32f1xx_hal_rcc.o
                0x0800239c                HAL_RCC_GetSysClockFreq
 .text.HAL_RCC_GetHCLKFreq
                0x08002444       0x14 ./Drivers/STM32F1xx_HAL_Driver/Src/stm32f1xx_hal_rcc.o
                0x08002444                HAL_RCC_GetHCLKFreq
 .text.HAL_RCC_GetPCLK1Freq
                0x08002458       0x28 ./Drivers/STM32F1xx_HAL_Driver/Src/stm32f1xx_hal_rcc.o
                0x08002458                HAL_RCC_GetPCLK1Freq
 .text.HAL_RCC_GetPCLK2Freq
                0x08002480       0x28 ./Drivers/STM32F1xx_HAL_Driver/Src/stm32f1xx_hal_rcc.o
                0x08002480                HAL_RCC_GetPCLK2Freq
 .text.HAL_RCC_GetClockConfig
                0x080024a8       0x60 ./Drivers/STM32F1xx_HAL_Driver/Src/stm32f1xx_hal_rcc.o
                0x080024a8                HAL_RCC_GetClockConfig
 .text.RCC_Delay
                0x08002508       0x3c ./Drivers/STM32F1xx_HAL_Driver/Src/stm32f1xx_hal_rcc.o
 .text.HAL_RCCEx_PeriphCLKConfig
                0x08002544      0x16c ./Drivers/STM32F1xx_HAL_Driver/Src/stm32f1xx_hal_rcc_ex.o
                0x08002544                HAL_RCCEx_PeriphCLKConfig
 .text.HAL_TIM_Base_Init
                0x080026b0       0x9e ./Drivers/STM32F1xx_HAL_Driver/Src/stm32f1xx_hal_tim.o
                0x080026b0                HAL_TIM_Base_Init
 *fill*         0x0800274e        0x2 
 .text.HAL_TIM_Base_Start_IT
                0x08002750       0xa4 ./Drivers/STM32F1xx_HAL_Driver/Src/stm32f1xx_hal_tim.o
                0x08002750                HAL_TIM_Base_Start_IT
 .text.HAL_TIM_PWM_Init
                0x080027f4       0x9e ./Drivers/STM32F1xx_HAL_Driver/Src/stm32f1xx_hal_tim.o
                0x080027f4                HAL_TIM_PWM_Init
 .text.HAL_TIM_PWM_MspInit
                0x08002892       0x12 ./Drivers/STM32F1xx_HAL_Driver/Src/stm32f1xx_hal_tim.o
                0x08002892                HAL_TIM_PWM_MspInit
 .text.HAL_TIM_IC_Init
                0x080028a4       0x9e ./Drivers/STM32F1xx_HAL_Driver/Src/stm32f1xx_hal_tim.o
                0x080028a4                HAL_TIM_IC_Init
 .text.HAL_TIM_IC_MspInit
                0x08002942       0x12 ./Drivers/STM32F1xx_HAL_Driver/Src/stm32f1xx_hal_tim.o
                0x08002942                HAL_TIM_IC_MspInit
 .text.HAL_TIM_IRQHandler
                0x08002954      0x1e0 ./Drivers/STM32F1xx_HAL_Driver/Src/stm32f1xx_hal_tim.o
                0x08002954                HAL_TIM_IRQHandler
 .text.HAL_TIM_IC_ConfigChannel
                0x08002b34      0x138 ./Drivers/STM32F1xx_HAL_Driver/Src/stm32f1xx_hal_tim.o
                0x08002b34                HAL_TIM_IC_ConfigChannel
 .text.HAL_TIM_PWM_ConfigChannel
                0x08002c6c      0x184 ./Drivers/STM32F1xx_HAL_Driver/Src/stm32f1xx_hal_tim.o
                0x08002c6c                HAL_TIM_PWM_ConfigChannel
 .text.HAL_TIM_ConfigClockSource
                0x08002df0      0x18e ./Drivers/STM32F1xx_HAL_Driver/Src/stm32f1xx_hal_tim.o
                0x08002df0                HAL_TIM_ConfigClockSource
 .text.HAL_TIM_OC_DelayElapsedCallback
                0x08002f7e       0x12 ./Drivers/STM32F1xx_HAL_Driver/Src/stm32f1xx_hal_tim.o
                0x08002f7e                HAL_TIM_OC_DelayElapsedCallback
 .text.HAL_TIM_IC_CaptureCallback
                0x08002f90       0x12 ./Drivers/STM32F1xx_HAL_Driver/Src/stm32f1xx_hal_tim.o
                0x08002f90                HAL_TIM_IC_CaptureCallback
 .text.HAL_TIM_PWM_PulseFinishedCallback
                0x08002fa2       0x12 ./Drivers/STM32F1xx_HAL_Driver/Src/stm32f1xx_hal_tim.o
                0x08002fa2                HAL_TIM_PWM_PulseFinishedCallback
 .text.HAL_TIM_TriggerCallback
                0x08002fb4       0x12 ./Drivers/STM32F1xx_HAL_Driver/Src/stm32f1xx_hal_tim.o
                0x08002fb4                HAL_TIM_TriggerCallback
 *fill*         0x08002fc6        0x2 
 .text.TIM_Base_SetConfig
                0x08002fc8       0xdc ./Drivers/STM32F1xx_HAL_Driver/Src/stm32f1xx_hal_tim.o
                0x08002fc8                TIM_Base_SetConfig
 .text.TIM_OC1_SetConfig
                0x080030a4       0xcc ./Drivers/STM32F1xx_HAL_Driver/Src/stm32f1xx_hal_tim.o
 .text.TIM_OC2_SetConfig
                0x08003170       0xd4 ./Drivers/STM32F1xx_HAL_Driver/Src/stm32f1xx_hal_tim.o
                0x08003170                TIM_OC2_SetConfig
 .text.TIM_OC3_SetConfig
                0x08003244       0xd4 ./Drivers/STM32F1xx_HAL_Driver/Src/stm32f1xx_hal_tim.o
 .text.TIM_OC4_SetConfig
                0x08003318       0x9c ./Drivers/STM32F1xx_HAL_Driver/Src/stm32f1xx_hal_tim.o
 .text.TIM_TI1_SetConfig
                0x080033b4       0xb4 ./Drivers/STM32F1xx_HAL_Driver/Src/stm32f1xx_hal_tim.o
                0x080033b4                TIM_TI1_SetConfig
 .text.TIM_TI1_ConfigInputStage
                0x08003468       0x5c ./Drivers/STM32F1xx_HAL_Driver/Src/stm32f1xx_hal_tim.o
 .text.TIM_TI2_SetConfig
                0x080034c4       0x78 ./Drivers/STM32F1xx_HAL_Driver/Src/stm32f1xx_hal_tim.o
 .text.TIM_TI2_ConfigInputStage
                0x0800353c       0x5e ./Drivers/STM32F1xx_HAL_Driver/Src/stm32f1xx_hal_tim.o
 .text.TIM_TI3_SetConfig
                0x0800359a       0x76 ./Drivers/STM32F1xx_HAL_Driver/Src/stm32f1xx_hal_tim.o
 .text.TIM_TI4_SetConfig
                0x08003610       0x78 ./Drivers/STM32F1xx_HAL_Driver/Src/stm32f1xx_hal_tim.o
 .text.TIM_ITRx_SetConfig
                0x08003688       0x34 ./Drivers/STM32F1xx_HAL_Driver/Src/stm32f1xx_hal_tim.o
 .text.TIM_ETR_SetConfig
                0x080036bc       0x3e ./Drivers/STM32F1xx_HAL_Driver/Src/stm32f1xx_hal_tim.o
                0x080036bc                TIM_ETR_SetConfig
 *fill*         0x080036fa        0x2 
 .text.HAL_TIMEx_MasterConfigSynchronization
                0x080036fc       0xbc ./Drivers/STM32F1xx_HAL_Driver/Src/stm32f1xx_hal_tim_ex.o
                0x080036fc                HAL_TIMEx_MasterConfigSynchronization
 .text.HAL_TIMEx_ConfigBreakDeadTime
                0x080037b8       0xa2 ./Drivers/STM32F1xx_HAL_Driver/Src/stm32f1xx_hal_tim_ex.o
                0x080037b8                HAL_TIMEx_ConfigBreakDeadTime
 .text.HAL_TIMEx_CommutCallback
                0x0800385a       0x12 ./Drivers/STM32F1xx_HAL_Driver/Src/stm32f1xx_hal_tim_ex.o
                0x0800385a                HAL_TIMEx_CommutCallback
 .text.HAL_TIMEx_BreakCallback
                0x0800386c       0x12 ./Drivers/STM32F1xx_HAL_Driver/Src/stm32f1xx_hal_tim_ex.o
                0x0800386c                HAL_TIMEx_BreakCallback
 .text.HAL_UART_Init
                0x0800387e       0xa0 ./Drivers/STM32F1xx_HAL_Driver/Src/stm32f1xx_hal_uart.o
                0x0800387e                HAL_UART_Init
 .text.HAL_UART_Receive_DMA
                0x0800391e       0x4a ./Drivers/STM32F1xx_HAL_Driver/Src/stm32f1xx_hal_uart.o
                0x0800391e                HAL_UART_Receive_DMA
 .text.HAL_UART_RxHalfCpltCallback
                0x08003968       0x12 ./Drivers/STM32F1xx_HAL_Driver/Src/stm32f1xx_hal_uart.o
                0x08003968                HAL_UART_RxHalfCpltCallback
 .text.HAL_UARTEx_RxEventCallback
                0x0800397a       0x16 ./Drivers/STM32F1xx_HAL_Driver/Src/stm32f1xx_hal_uart.o
                0x0800397a                HAL_UARTEx_RxEventCallback
 .text.UART_DMAReceiveCplt
                0x08003990      0x12c ./Drivers/STM32F1xx_HAL_Driver/Src/stm32f1xx_hal_uart.o
 .text.UART_DMARxHalfCplt
                0x08003abc       0x3c ./Drivers/STM32F1xx_HAL_Driver/Src/stm32f1xx_hal_uart.o
 .text.UART_DMAError
                0x08003af8       0x94 ./Drivers/STM32F1xx_HAL_Driver/Src/stm32f1xx_hal_uart.o
 .text.UART_Start_Receive_DMA
                0x08003b8c      0x134 ./Drivers/STM32F1xx_HAL_Driver/Src/stm32f1xx_hal_uart.o
                0x08003b8c                UART_Start_Receive_DMA
 .text.UART_EndTxTransfer
                0x08003cc0       0x4e ./Drivers/STM32F1xx_HAL_Driver/Src/stm32f1xx_hal_uart.o
 .text.UART_EndRxTransfer
                0x08003d0e       0xc4 ./Drivers/STM32F1xx_HAL_Driver/Src/stm32f1xx_hal_uart.o
 *fill*         0x08003dd2        0x2 
 .text.UART_SetConfig
                0x08003dd4      0x11c ./Drivers/STM32F1xx_HAL_Driver/Src/stm32f1xx_hal_uart.o
 .text.__NVIC_SetPriority
                0x08003ef0       0x54 ./Middlewares/Third_Party/FreeRTOS/Source/CMSIS_RTOS_V2/cmsis_os2.o
 .text.SysTick_Handler
                0x08003f44       0x20 ./Middlewares/Third_Party/FreeRTOS/Source/CMSIS_RTOS_V2/cmsis_os2.o
                0x08003f44                SysTick_Handler
 .text.SVC_Setup
                0x08003f64       0x12 ./Middlewares/Third_Party/FreeRTOS/Source/CMSIS_RTOS_V2/cmsis_os2.o
 *fill*         0x08003f76        0x2 
 .text.osKernelInitialize
                0x08003f78       0x44 ./Middlewares/Third_Party/FreeRTOS/Source/CMSIS_RTOS_V2/cmsis_os2.o
                0x08003f78                osKernelInitialize
 .text.osKernelStart
                0x08003fbc       0x4c ./Middlewares/Third_Party/FreeRTOS/Source/CMSIS_RTOS_V2/cmsis_os2.o
                0x08003fbc                osKernelStart
 .text.osThreadNew
                0x08004008      0x124 ./Middlewares/Third_Party/FreeRTOS/Source/CMSIS_RTOS_V2/cmsis_os2.o
                0x08004008                osThreadNew
 .text.osDelay  0x0800412c       0x36 ./Middlewares/Third_Party/FreeRTOS/Source/CMSIS_RTOS_V2/cmsis_os2.o
                0x0800412c                osDelay
 .text.osEventFlagsNew
                0x08004162       0x7e ./Middlewares/Third_Party/FreeRTOS/Source/CMSIS_RTOS_V2/cmsis_os2.o
                0x08004162                osEventFlagsNew
 .text.osSemaphoreNew
                0x080041e0      0x112 ./Middlewares/Third_Party/FreeRTOS/Source/CMSIS_RTOS_V2/cmsis_os2.o
                0x080041e0                osSemaphoreNew
 .text.osMessageQueueNew
                0x080042f2       0xe6 ./Middlewares/Third_Party/FreeRTOS/Source/CMSIS_RTOS_V2/cmsis_os2.o
                0x080042f2                osMessageQueueNew
 .text.vApplicationGetIdleTaskMemory
                0x080043d8       0x30 ./Middlewares/Third_Party/FreeRTOS/Source/CMSIS_RTOS_V2/cmsis_os2.o
                0x080043d8                vApplicationGetIdleTaskMemory
 .text.vApplicationGetTimerTaskMemory
                0x08004408       0x34 ./Middlewares/Third_Party/FreeRTOS/Source/CMSIS_RTOS_V2/cmsis_os2.o
                0x08004408                vApplicationGetTimerTaskMemory
 .text.xEventGroupCreateStatic
                0x0800443c       0x72 ./Middlewares/Third_Party/FreeRTOS/Source/event_groups.o
                0x0800443c                xEventGroupCreateStatic
 .text.xEventGroupCreate
                0x080044ae       0x34 ./Middlewares/Third_Party/FreeRTOS/Source/event_groups.o
                0x080044ae                xEventGroupCreate
 .text.vListInitialise
                0x080044e2       0x3e ./Middlewares/Third_Party/FreeRTOS/Source/list.o
                0x080044e2                vListInitialise
 .text.vListInitialiseItem
                0x08004520       0x18 ./Middlewares/Third_Party/FreeRTOS/Source/list.o
                0x08004520                vListInitialiseItem
 .text.vListInsertEnd
                0x08004538       0x46 ./Middlewares/Third_Party/FreeRTOS/Source/list.o
                0x08004538                vListInsertEnd
 .text.vListInsert
                0x0800457e       0x70 ./Middlewares/Third_Party/FreeRTOS/Source/list.o
                0x0800457e                vListInsert
 .text.uxListRemove
                0x080045ee       0x52 ./Middlewares/Third_Party/FreeRTOS/Source/list.o
                0x080045ee                uxListRemove
 .text.xQueueGenericReset
                0x08004640       0xd4 ./Middlewares/Third_Party/FreeRTOS/Source/queue.o
                0x08004640                xQueueGenericReset
 .text.xQueueGenericCreateStatic
                0x08004714       0xfa ./Middlewares/Third_Party/FreeRTOS/Source/queue.o
                0x08004714                xQueueGenericCreateStatic
 .text.xQueueGenericCreate
                0x0800480e       0x76 ./Middlewares/Third_Party/FreeRTOS/Source/queue.o
                0x0800480e                xQueueGenericCreate
 .text.prvInitialiseNewQueue
                0x08004884       0x46 ./Middlewares/Third_Party/FreeRTOS/Source/queue.o
 .text.xQueueCreateCountingSemaphoreStatic
                0x080048ca       0x72 ./Middlewares/Third_Party/FreeRTOS/Source/queue.o
                0x080048ca                xQueueCreateCountingSemaphoreStatic
 .text.xQueueCreateCountingSemaphore
                0x0800493c       0x6a ./Middlewares/Third_Party/FreeRTOS/Source/queue.o
                0x0800493c                xQueueCreateCountingSemaphore
 *fill*         0x080049a6        0x2 
 .text.xQueueGenericSend
                0x080049a8      0x204 ./Middlewares/Third_Party/FreeRTOS/Source/queue.o
                0x080049a8                xQueueGenericSend
 .text.xQueueGenericSendFromISR
                0x08004bac      0x13c ./Middlewares/Third_Party/FreeRTOS/Source/queue.o
                0x08004bac                xQueueGenericSendFromISR
 .text.xQueueReceive
                0x08004ce8      0x1c4 ./Middlewares/Third_Party/FreeRTOS/Source/queue.o
                0x08004ce8                xQueueReceive
 .text.vQueueDelete
                0x08004eac       0x48 ./Middlewares/Third_Party/FreeRTOS/Source/queue.o
                0x08004eac                vQueueDelete
 .text.prvCopyDataToQueue
                0x08004ef4       0xd4 ./Middlewares/Third_Party/FreeRTOS/Source/queue.o
 .text.prvCopyDataFromQueue
                0x08004fc8       0x4c ./Middlewares/Third_Party/FreeRTOS/Source/queue.o
 .text.prvUnlockQueue
                0x08005014       0xa4 ./Middlewares/Third_Party/FreeRTOS/Source/queue.o
 .text.prvIsQueueEmpty
                0x080050b8       0x2c ./Middlewares/Third_Party/FreeRTOS/Source/queue.o
 .text.prvIsQueueFull
                0x080050e4       0x30 ./Middlewares/Third_Party/FreeRTOS/Source/queue.o
 .text.vQueueAddToRegistry
                0x08005114       0x50 ./Middlewares/Third_Party/FreeRTOS/Source/queue.o
                0x08005114                vQueueAddToRegistry
 .text.vQueueUnregisterQueue
                0x08005164       0x54 ./Middlewares/Third_Party/FreeRTOS/Source/queue.o
                0x08005164                vQueueUnregisterQueue
 .text.vQueueWaitForMessageRestricted
                0x080051b8       0x68 ./Middlewares/Third_Party/FreeRTOS/Source/queue.o
                0x080051b8                vQueueWaitForMessageRestricted
 .text.xTaskCreateStatic
                0x08005220       0xc0 ./Middlewares/Third_Party/FreeRTOS/Source/tasks.o
                0x08005220                xTaskCreateStatic
 .text.xTaskCreate
                0x080052e0       0x8a ./Middlewares/Third_Party/FreeRTOS/Source/tasks.o
                0x080052e0                xTaskCreate
 *fill*         0x0800536a        0x2 
 .text.prvInitialiseNewTask
                0x0800536c      0x150 ./Middlewares/Third_Party/FreeRTOS/Source/tasks.o
 .text.prvAddNewTaskToReadyList
                0x080054bc       0xe0 ./Middlewares/Third_Party/FreeRTOS/Source/tasks.o
 .text.vTaskDelay
                0x0800559c       0x6c ./Middlewares/Third_Party/FreeRTOS/Source/tasks.o
                0x0800559c                vTaskDelay
 .text.vTaskStartScheduler
                0x08005608       0xe0 ./Middlewares/Third_Party/FreeRTOS/Source/tasks.o
                0x08005608                vTaskStartScheduler
 .text.vTaskSuspendAll
                0x080056e8       0x1c ./Middlewares/Third_Party/FreeRTOS/Source/tasks.o
                0x080056e8                vTaskSuspendAll
 .text.xTaskResumeAll
                0x08005704      0x13c ./Middlewares/Third_Party/FreeRTOS/Source/tasks.o
                0x08005704                xTaskResumeAll
 .text.xTaskGetTickCount
                0x08005840       0x1c ./Middlewares/Third_Party/FreeRTOS/Source/tasks.o
                0x08005840                xTaskGetTickCount
 .text.xTaskIncrementTick
                0x0800585c      0x174 ./Middlewares/Third_Party/FreeRTOS/Source/tasks.o
                0x0800585c                xTaskIncrementTick
 .text.vTaskSwitchContext
                0x080059d0       0xc8 ./Middlewares/Third_Party/FreeRTOS/Source/tasks.o
                0x080059d0                vTaskSwitchContext
 .text.vTaskPlaceOnEventList
                0x08005a98       0x4c ./Middlewares/Third_Party/FreeRTOS/Source/tasks.o
                0x08005a98                vTaskPlaceOnEventList
 .text.vTaskPlaceOnEventListRestricted
                0x08005ae4       0x58 ./Middlewares/Third_Party/FreeRTOS/Source/tasks.o
                0x08005ae4                vTaskPlaceOnEventListRestricted
 .text.xTaskRemoveFromEventList
                0x08005b3c       0xc8 ./Middlewares/Third_Party/FreeRTOS/Source/tasks.o
                0x08005b3c                xTaskRemoveFromEventList
 .text.vTaskInternalSetTimeOutState
                0x08005c04       0x2c ./Middlewares/Third_Party/FreeRTOS/Source/tasks.o
                0x08005c04                vTaskInternalSetTimeOutState
 .text.xTaskCheckForTimeOut
                0x08005c30       0xc8 ./Middlewares/Third_Party/FreeRTOS/Source/tasks.o
                0x08005c30                xTaskCheckForTimeOut
 .text.vTaskMissedYield
                0x08005cf8       0x18 ./Middlewares/Third_Party/FreeRTOS/Source/tasks.o
                0x08005cf8                vTaskMissedYield
 .text.prvIdleTask
                0x08005d10       0x30 ./Middlewares/Third_Party/FreeRTOS/Source/tasks.o
 .text.prvInitialiseTaskLists
                0x08005d40       0x80 ./Middlewares/Third_Party/FreeRTOS/Source/tasks.o
 .text.prvCheckTasksWaitingTermination
                0x08005dc0       0x5c ./Middlewares/Third_Party/FreeRTOS/Source/tasks.o
 .text.prvDeleteTCB
                0x08005e1c       0x6a ./Middlewares/Third_Party/FreeRTOS/Source/tasks.o
 *fill*         0x08005e86        0x2 
 .text.prvResetNextTaskUnblockTime
                0x08005e88       0x40 ./Middlewares/Third_Party/FreeRTOS/Source/tasks.o
 .text.xTaskGetSchedulerState
                0x08005ec8       0x3c ./Middlewares/Third_Party/FreeRTOS/Source/tasks.o
                0x08005ec8                xTaskGetSchedulerState
 .text.xTaskPriorityDisinherit
                0x08005f04       0xe0 ./Middlewares/Third_Party/FreeRTOS/Source/tasks.o
                0x08005f04                xTaskPriorityDisinherit
 .text.prvAddCurrentTaskToDelayedList
                0x08005fe4       0xa8 ./Middlewares/Third_Party/FreeRTOS/Source/tasks.o
 .text.xTimerCreateTimerTask
                0x0800608c       0x94 ./Middlewares/Third_Party/FreeRTOS/Source/timers.o
                0x0800608c                xTimerCreateTimerTask
 .text.xTimerGenericCommand
                0x08006120       0x9c ./Middlewares/Third_Party/FreeRTOS/Source/timers.o
                0x08006120                xTimerGenericCommand
 .text.prvProcessExpiredTimer
                0x080061bc       0x9c ./Middlewares/Third_Party/FreeRTOS/Source/timers.o
 .text.prvTimerTask
                0x08006258       0x26 ./Middlewares/Third_Party/FreeRTOS/Source/timers.o
 *fill*         0x0800627e        0x2 
 .text.prvProcessTimerOrBlockTask
                0x08006280       0x9c ./Middlewares/Third_Party/FreeRTOS/Source/timers.o
 .text.prvGetNextExpireTime
                0x0800631c       0x44 ./Middlewares/Third_Party/FreeRTOS/Source/timers.o
 .text.prvSampleTimeNow
                0x08006360       0x40 ./Middlewares/Third_Party/FreeRTOS/Source/timers.o
 .text.prvInsertTimerInActiveList
                0x080063a0       0x84 ./Middlewares/Third_Party/FreeRTOS/Source/timers.o
 .text.prvProcessReceivedCommands
                0x08006424      0x1cc ./Middlewares/Third_Party/FreeRTOS/Source/timers.o
 .text.prvSwitchTimerLists
                0x080065f0       0xcc ./Middlewares/Third_Party/FreeRTOS/Source/timers.o
 .text.prvCheckForValidListAndQueue
                0x080066bc       0x80 ./Middlewares/Third_Party/FreeRTOS/Source/timers.o
 .text.pxPortInitialiseStack
                0x0800673c       0x58 ./Middlewares/Third_Party/FreeRTOS/Source/portable/GCC/ARM_CM3/port.o
                0x0800673c                pxPortInitialiseStack
 .text.prvTaskExitError
                0x08006794       0x58 ./Middlewares/Third_Party/FreeRTOS/Source/portable/GCC/ARM_CM3/port.o
 *fill*         0x080067ec        0x4 
 .text.SVC_Handler
                0x080067f0       0x28 ./Middlewares/Third_Party/FreeRTOS/Source/portable/GCC/ARM_CM3/port.o
                0x080067f0                SVC_Handler
 .text.prvPortStartFirstTask
                0x08006818       0x20 ./Middlewares/Third_Party/FreeRTOS/Source/portable/GCC/ARM_CM3/port.o
 .text.xPortStartScheduler
                0x08006838       0xe4 ./Middlewares/Third_Party/FreeRTOS/Source/portable/GCC/ARM_CM3/port.o
                0x08006838                xPortStartScheduler
 .text.vPortEnterCritical
                0x0800691c       0x60 ./Middlewares/Third_Party/FreeRTOS/Source/portable/GCC/ARM_CM3/port.o
                0x0800691c                vPortEnterCritical
 .text.vPortExitCritical
                0x0800697c       0x54 ./Middlewares/Third_Party/FreeRTOS/Source/portable/GCC/ARM_CM3/port.o
                0x0800697c                vPortExitCritical
 .text.PendSV_Handler
                0x080069d0       0x48 ./Middlewares/Third_Party/FreeRTOS/Source/portable/GCC/ARM_CM3/port.o
                0x080069d0                PendSV_Handler
 .text.xPortSysTickHandler
                0x08006a18       0x44 ./Middlewares/Third_Party/FreeRTOS/Source/portable/GCC/ARM_CM3/port.o
                0x08006a18                xPortSysTickHandler
 .text.vPortSetupTimerInterrupt
                0x08006a5c       0x44 ./Middlewares/Third_Party/FreeRTOS/Source/portable/GCC/ARM_CM3/port.o
                0x08006a5c                vPortSetupTimerInterrupt
 .text.vPortValidateInterruptPriority
                0x08006aa0       0x80 ./Middlewares/Third_Party/FreeRTOS/Source/portable/GCC/ARM_CM3/port.o
                0x08006aa0                vPortValidateInterruptPriority
 .text.pvPortMalloc
                0x08006b20      0x19c ./Middlewares/Third_Party/FreeRTOS/Source/portable/MemMang/heap_4.o
                0x08006b20                pvPortMalloc
 .text.vPortFree
                0x08006cbc       0xc8 ./Middlewares/Third_Party/FreeRTOS/Source/portable/MemMang/heap_4.o
                0x08006cbc                vPortFree
 .text.prvHeapInit
                0x08006d84       0xc4 ./Middlewares/Third_Party/FreeRTOS/Source/portable/MemMang/heap_4.o
 .text.prvInsertBlockIntoFreeList
                0x08006e48       0xb0 ./Middlewares/Third_Party/FreeRTOS/Source/portable/MemMang/heap_4.o
 .text.memset   0x08006ef8       0x10 C:/ST/STM32CubeIDE_1.18.0/STM32CubeIDE/plugins/com.st.stm32cube.ide.mcu.externaltools.gnu-tools-for-stm32.13.3.rel1.win32_1.0.0.202411081344/tools/bin/../lib/gcc/arm-none-eabi/13.3.1/../../../../arm-none-eabi/lib/thumb/v7-m/nofp\libc_nano.a(libc_a-memset.o)
                0x08006ef8                memset
 .text._reclaim_reent
                0x08006f08       0xbc C:/ST/STM32CubeIDE_1.18.0/STM32CubeIDE/plugins/com.st.stm32cube.ide.mcu.externaltools.gnu-tools-for-stm32.13.3.rel1.win32_1.0.0.202411081344/tools/bin/../lib/gcc/arm-none-eabi/13.3.1/../../../../arm-none-eabi/lib/thumb/v7-m/nofp\libc_nano.a(libc_a-reent.o)
                0x08006f08                _reclaim_reent
 .text.__libc_init_array
                0x08006fc4       0x48 C:/ST/STM32CubeIDE_1.18.0/STM32CubeIDE/plugins/com.st.stm32cube.ide.mcu.externaltools.gnu-tools-for-stm32.13.3.rel1.win32_1.0.0.202411081344/tools/bin/../lib/gcc/arm-none-eabi/13.3.1/../../../../arm-none-eabi/lib/thumb/v7-m/nofp\libc_nano.a(libc_a-init.o)
                0x08006fc4                __libc_init_array
 .text.__retarget_lock_acquire_recursive
                0x0800700c        0x2 C:/ST/STM32CubeIDE_1.18.0/STM32CubeIDE/plugins/com.st.stm32cube.ide.mcu.externaltools.gnu-tools-for-stm32.13.3.rel1.win32_1.0.0.202411081344/tools/bin/../lib/gcc/arm-none-eabi/13.3.1/../../../../arm-none-eabi/lib/thumb/v7-m/nofp\libc_nano.a(libc_a-lock.o)
                0x0800700c                __retarget_lock_acquire_recursive
 .text.__retarget_lock_release_recursive
                0x0800700e        0x2 C:/ST/STM32CubeIDE_1.18.0/STM32CubeIDE/plugins/com.st.stm32cube.ide.mcu.externaltools.gnu-tools-for-stm32.13.3.rel1.win32_1.0.0.202411081344/tools/bin/../lib/gcc/arm-none-eabi/13.3.1/../../../../arm-none-eabi/lib/thumb/v7-m/nofp\libc_nano.a(libc_a-lock.o)
                0x0800700e                __retarget_lock_release_recursive
 .text.memcpy   0x08007010       0x1c C:/ST/STM32CubeIDE_1.18.0/STM32CubeIDE/plugins/com.st.stm32cube.ide.mcu.externaltools.gnu-tools-for-stm32.13.3.rel1.win32_1.0.0.202411081344/tools/bin/../lib/gcc/arm-none-eabi/13.3.1/../../../../arm-none-eabi/lib/thumb/v7-m/nofp\libc_nano.a(libc_a-memcpy-stub.o)
                0x08007010                memcpy
 .text._free_r  0x0800702c       0x90 C:/ST/STM32CubeIDE_1.18.0/STM32CubeIDE/plugins/com.st.stm32cube.ide.mcu.externaltools.gnu-tools-for-stm32.13.3.rel1.win32_1.0.0.202411081344/tools/bin/../lib/gcc/arm-none-eabi/13.3.1/../../../../arm-none-eabi/lib/thumb/v7-m/nofp\libc_nano.a(libc_a-freer.o)
                0x0800702c                _free_r
 .text.__malloc_lock
                0x080070bc        0xc C:/ST/STM32CubeIDE_1.18.0/STM32CubeIDE/plugins/com.st.stm32cube.ide.mcu.externaltools.gnu-tools-for-stm32.13.3.rel1.win32_1.0.0.202411081344/tools/bin/../lib/gcc/arm-none-eabi/13.3.1/../../../../arm-none-eabi/lib/thumb/v7-m/nofp\libc_nano.a(libc_a-mlock.o)
                0x080070bc                __malloc_lock
 .text.__malloc_unlock
                0x080070c8        0xc C:/ST/STM32CubeIDE_1.18.0/STM32CubeIDE/plugins/com.st.stm32cube.ide.mcu.externaltools.gnu-tools-for-stm32.13.3.rel1.win32_1.0.0.202411081344/tools/bin/../lib/gcc/arm-none-eabi/13.3.1/../../../../arm-none-eabi/lib/thumb/v7-m/nofp\libc_nano.a(libc_a-mlock.o)
                0x080070c8                __malloc_unlock
 *(.glue_7)
 .glue_7        0x080070d4        0x0 linker stubs
 *(.glue_7t)
 .glue_7t       0x080070d4        0x0 linker stubs
 *(.eh_frame)
 .eh_frame      0x080070d4        0x0 C:/ST/STM32CubeIDE_1.18.0/STM32CubeIDE/plugins/com.st.stm32cube.ide.mcu.externaltools.gnu-tools-for-stm32.13.3.rel1.win32_1.0.0.202411081344/tools/bin/../lib/gcc/arm-none-eabi/13.3.1/thumb/v7-m/nofp/crtbegin.o
 *(.init)
 .init          0x080070d4        0x4 C:/ST/STM32CubeIDE_1.18.0/STM32CubeIDE/plugins/com.st.stm32cube.ide.mcu.externaltools.gnu-tools-for-stm32.13.3.rel1.win32_1.0.0.202411081344/tools/bin/../lib/gcc/arm-none-eabi/13.3.1/thumb/v7-m/nofp/crti.o
                0x080070d4                _init
 .init          0x080070d8        0x8 C:/ST/STM32CubeIDE_1.18.0/STM32CubeIDE/plugins/com.st.stm32cube.ide.mcu.externaltools.gnu-tools-for-stm32.13.3.rel1.win32_1.0.0.202411081344/tools/bin/../lib/gcc/arm-none-eabi/13.3.1/thumb/v7-m/nofp/crtn.o
 *(.fini)
 .fini          0x080070e0        0x4 C:/ST/STM32CubeIDE_1.18.0/STM32CubeIDE/plugins/com.st.stm32cube.ide.mcu.externaltools.gnu-tools-for-stm32.13.3.rel1.win32_1.0.0.202411081344/tools/bin/../lib/gcc/arm-none-eabi/13.3.1/thumb/v7-m/nofp/crti.o
                0x080070e0                _fini
 .fini          0x080070e4        0x8 C:/ST/STM32CubeIDE_1.18.0/STM32CubeIDE/plugins/com.st.stm32cube.ide.mcu.externaltools.gnu-tools-for-stm32.13.3.rel1.win32_1.0.0.202411081344/tools/bin/../lib/gcc/arm-none-eabi/13.3.1/thumb/v7-m/nofp/crtn.o
                0x080070ec                        . = ALIGN (0x4)
                0x080070ec                        _etext = .

.vfp11_veneer   0x080070ec        0x0
 .vfp11_veneer  0x080070ec        0x0 linker stubs

.v4_bx          0x080070ec        0x0
 .v4_bx         0x080070ec        0x0 linker stubs

.iplt           0x080070ec        0x0
 .iplt          0x080070ec        0x0 C:/ST/STM32CubeIDE_1.18.0/STM32CubeIDE/plugins/com.st.stm32cube.ide.mcu.externaltools.gnu-tools-for-stm32.13.3.rel1.win32_1.0.0.202411081344/tools/bin/../lib/gcc/arm-none-eabi/13.3.1/thumb/v7-m/nofp/crtbegin.o

.rodata         0x080070ec      0x184
                0x080070ec                        . = ALIGN (0x4)
 *(.rodata)
 .rodata        0x080070ec       0x6c ./Core/Src/ap.o
 .rodata        0x08007158        0x5 ./Middlewares/Third_Party/FreeRTOS/Source/tasks.o
 *fill*         0x0800715d        0x3 
 .rodata        0x08007160        0xd ./Middlewares/Third_Party/FreeRTOS/Source/timers.o
 *(.rodata*)
 *fill*         0x0800716d        0x3 
 .rodata.defaultTask_attributes
                0x08007170       0x24 ./Core/Src/ap.o
                0x08007170                defaultTask_attributes
 .rodata.myUARTTask_attributes
                0x08007194       0x24 ./Core/Src/ap.o
                0x08007194                myUARTTask_attributes
 .rodata.myIOTask_attributes
                0x080071b8       0x24 ./Core/Src/ap.o
                0x080071b8                myIOTask_attributes
 .rodata.myIPCQueue01_attributes
                0x080071dc       0x18 ./Core/Src/ap.o
                0x080071dc                myIPCQueue01_attributes
 .rodata.myIPCQueue02_attributes
                0x080071f4       0x18 ./Core/Src/ap.o
                0x080071f4                myIPCQueue02_attributes
 .rodata.myIPCQueue03_attributes
                0x0800720c       0x18 ./Core/Src/ap.o
                0x0800720c                myIPCQueue03_attributes
 .rodata.myUARTSem01_attributes
                0x08007224       0x10 ./Core/Src/ap.o
                0x08007224                myUARTSem01_attributes
 .rodata.myICEvent01_attributes
                0x08007234       0x10 ./Core/Src/ap.o
                0x08007234                myICEvent01_attributes
 .rodata.AHBPrescTable
                0x08007244       0x10 ./Core/Src/system_stm32f1xx.o
                0x08007244                AHBPrescTable
 .rodata.APBPrescTable
                0x08007254        0x8 ./Core/Src/system_stm32f1xx.o
                0x08007254                APBPrescTable
 .rodata.aPLLMULFactorTable.1
                0x0800725c       0x10 ./Drivers/STM32F1xx_HAL_Driver/Src/stm32f1xx_hal_rcc.o
 .rodata.aPredivFactorTable.0
                0x0800726c        0x2 ./Drivers/STM32F1xx_HAL_Driver/Src/stm32f1xx_hal_rcc.o
                0x08007270                        . = ALIGN (0x4)
 *fill*         0x0800726e        0x2 

.ARM.extab      0x08007270        0x0
                0x08007270                        . = ALIGN (0x4)
 *(.ARM.extab* .gnu.linkonce.armextab.*)
                0x08007270                        . = ALIGN (0x4)

.ARM            0x08007270        0x0
                0x08007270                        . = ALIGN (0x4)
                0x08007270                        __exidx_start = .
 *(.ARM.exidx*)
                0x08007270                        __exidx_end = .
                0x08007270                        . = ALIGN (0x4)

.preinit_array  0x08007270        0x0
                0x08007270                        . = ALIGN (0x4)
                0x08007270                        PROVIDE (__preinit_array_start = .)
 *(.preinit_array*)
                0x08007270                        PROVIDE (__preinit_array_end = .)
                0x08007270                        . = ALIGN (0x4)

.init_array     0x08007270        0x4
                0x08007270                        . = ALIGN (0x4)
                0x08007270                        PROVIDE (__init_array_start = .)
 *(SORT_BY_NAME(.init_array.*))
 *(.init_array*)
 .init_array    0x08007270        0x4 C:/ST/STM32CubeIDE_1.18.0/STM32CubeIDE/plugins/com.st.stm32cube.ide.mcu.externaltools.gnu-tools-for-stm32.13.3.rel1.win32_1.0.0.202411081344/tools/bin/../lib/gcc/arm-none-eabi/13.3.1/thumb/v7-m/nofp/crtbegin.o
                0x08007274                        PROVIDE (__init_array_end = .)
                0x08007274                        . = ALIGN (0x4)

.fini_array     0x08007274        0x4
                0x08007274                        . = ALIGN (0x4)
                [!provide]                        PROVIDE (__fini_array_start = .)
 *(SORT_BY_NAME(.fini_array.*))
 *(.fini_array*)
 .fini_array    0x08007274        0x4 C:/ST/STM32CubeIDE_1.18.0/STM32CubeIDE/plugins/com.st.stm32cube.ide.mcu.externaltools.gnu-tools-for-stm32.13.3.rel1.win32_1.0.0.202411081344/tools/bin/../lib/gcc/arm-none-eabi/13.3.1/thumb/v7-m/nofp/crtbegin.o
                [!provide]                        PROVIDE (__fini_array_end = .)
                0x08007278                        . = ALIGN (0x4)
                0x08007278                        _sidata = LOADADDR (.data)

.rel.dyn        0x08007278        0x0
 .rel.iplt      0x08007278        0x0 C:/ST/STM32CubeIDE_1.18.0/STM32CubeIDE/plugins/com.st.stm32cube.ide.mcu.externaltools.gnu-tools-for-stm32.13.3.rel1.win32_1.0.0.202411081344/tools/bin/../lib/gcc/arm-none-eabi/13.3.1/thumb/v7-m/nofp/crtbegin.o

.data           0x20000000       0x60 load address 0x08007278
                0x20000000                        . = ALIGN (0x4)
                0x20000000                        _sdata = .
 *(.data)
 *(.data*)
 .data.SystemCoreClock
                0x20000000        0x4 ./Core/Src/system_stm32f1xx.o
                0x20000000                SystemCoreClock
 .data.uwTickPrio
                0x20000004        0x4 ./Drivers/STM32F1xx_HAL_Driver/Src/stm32f1xx_hal.o
                0x20000004                uwTickPrio
 .data.uwTickFreq
                0x20000008        0x1 ./Drivers/STM32F1xx_HAL_Driver/Src/stm32f1xx_hal.o
                0x20000008                uwTickFreq
 *fill*         0x20000009        0x3 
 .data.uxCriticalNesting
                0x2000000c        0x4 ./Middlewares/Third_Party/FreeRTOS/Source/portable/GCC/ARM_CM3/port.o
 .data._impure_ptr
                0x20000010        0x4 C:/ST/STM32CubeIDE_1.18.0/STM32CubeIDE/plugins/com.st.stm32cube.ide.mcu.externaltools.gnu-tools-for-stm32.13.3.rel1.win32_1.0.0.202411081344/tools/bin/../lib/gcc/arm-none-eabi/13.3.1/../../../../arm-none-eabi/lib/thumb/v7-m/nofp\libc_nano.a(libc_a-impure.o)
                0x20000010                _impure_ptr
 .data._impure_data
                0x20000014       0x4c C:/ST/STM32CubeIDE_1.18.0/STM32CubeIDE/plugins/com.st.stm32cube.ide.mcu.externaltools.gnu-tools-for-stm32.13.3.rel1.win32_1.0.0.202411081344/tools/bin/../lib/gcc/arm-none-eabi/13.3.1/../../../../arm-none-eabi/lib/thumb/v7-m/nofp\libc_nano.a(libc_a-impure.o)
                0x20000014                _impure_data
 *(.RamFunc)
 *(.RamFunc*)
                0x20000060                        . = ALIGN (0x4)
                0x20000060                        _edata = .

.igot.plt       0x20000060        0x0 load address 0x080072d8
 .igot.plt      0x20000060        0x0 C:/ST/STM32CubeIDE_1.18.0/STM32CubeIDE/plugins/com.st.stm32cube.ide.mcu.externaltools.gnu-tools-for-stm32.13.3.rel1.win32_1.0.0.202411081344/tools/bin/../lib/gcc/arm-none-eabi/13.3.1/thumb/v7-m/nofp/crtbegin.o
                0x20000060                        . = ALIGN (0x4)

.bss            0x20000060     0x1e10 load address 0x080072d8
                0x20000060                        _sbss = .
                0x20000060                        __bss_start__ = _sbss
 *(.bss)
 .bss           0x20000060       0x1c C:/ST/STM32CubeIDE_1.18.0/STM32CubeIDE/plugins/com.st.stm32cube.ide.mcu.externaltools.gnu-tools-for-stm32.13.3.rel1.win32_1.0.0.202411081344/tools/bin/../lib/gcc/arm-none-eabi/13.3.1/thumb/v7-m/nofp/crtbegin.o
 *(.bss*)
 .bss.defaultTaskHandle
                0x2000007c        0x4 ./Core/Src/ap.o
                0x2000007c                defaultTaskHandle
 .bss.myUARTTaskHandle
                0x20000080        0x4 ./Core/Src/ap.o
                0x20000080                myUARTTaskHandle
 .bss.myIOTaskHandle
                0x20000084        0x4 ./Core/Src/ap.o
                0x20000084                myIOTaskHandle
 .bss.myIPCQueue01Handle
                0x20000088        0x4 ./Core/Src/ap.o
                0x20000088                myIPCQueue01Handle
 .bss.myIPCQueue02Handle
                0x2000008c        0x4 ./Core/Src/ap.o
                0x2000008c                myIPCQueue02Handle
 .bss.myIPCQueue03Handle
                0x20000090        0x4 ./Core/Src/ap.o
                0x20000090                myIPCQueue03Handle
 .bss.myUARTSem01Handle
                0x20000094        0x4 ./Core/Src/ap.o
                0x20000094                myUARTSem01Handle
 .bss.myICEvent01Handle
                0x20000098        0x4 ./Core/Src/ap.o
                0x20000098                myICEvent01Handle
 .bss.hadc1     0x2000009c       0x30 ./Core/Src/hw.o
                0x2000009c                hadc1
 .bss.hdma_adc1
                0x200000cc       0x44 ./Core/Src/hw.o
                0x200000cc                hdma_adc1
 .bss.htim1     0x20000110       0x48 ./Core/Src/hw.o
                0x20000110                htim1
 .bss.htim3     0x20000158       0x48 ./Core/Src/stm32f1xx_hal_timebase_tim.o
                0x20000158                htim3
 .bss.is_open   0x200001a0        0x1 ./Core/Src/uart.o
 *fill*         0x200001a1        0x3 
 .bss.qbuffer   0x200001a4       0x10 ./Core/Src/uart.o
 .bss.rx_buf    0x200001b4      0x100 ./Core/Src/uart.o
 .bss.huart2    0x200002b4       0x48 ./Core/Src/uart.o
                0x200002b4                huart2
 .bss.hdma_usart2_rx
                0x200002fc       0x44 ./Core/Src/uart.o
                0x200002fc                hdma_usart2_rx
 .bss.is_running
                0x20000340        0x1 ./Core/Src/ultrasonic.o
 *fill*         0x20000341        0x3 
 .bss.uwTick    0x20000344        0x4 ./Drivers/STM32F1xx_HAL_Driver/Src/stm32f1xx_hal.o
                0x20000344                uwTick
 .bss.KernelState
                0x20000348        0x4 ./Middlewares/Third_Party/FreeRTOS/Source/CMSIS_RTOS_V2/cmsis_os2.o
 .bss.Idle_TCB.3
                0x2000034c       0xa8 ./Middlewares/Third_Party/FreeRTOS/Source/CMSIS_RTOS_V2/cmsis_os2.o
 .bss.Idle_Stack.2
                0x200003f4      0x200 ./Middlewares/Third_Party/FreeRTOS/Source/CMSIS_RTOS_V2/cmsis_os2.o
 .bss.Timer_TCB.1
                0x200005f4       0xa8 ./Middlewares/Third_Party/FreeRTOS/Source/CMSIS_RTOS_V2/cmsis_os2.o
 .bss.Timer_Stack.0
                0x2000069c      0x400 ./Middlewares/Third_Party/FreeRTOS/Source/CMSIS_RTOS_V2/cmsis_os2.o
 .bss.xQueueRegistry
                0x20000a9c       0x40 ./Middlewares/Third_Party/FreeRTOS/Source/queue.o
                0x20000a9c                xQueueRegistry
 .bss.pxCurrentTCB
                0x20000adc        0x4 ./Middlewares/Third_Party/FreeRTOS/Source/tasks.o
                0x20000adc                pxCurrentTCB
 .bss.pxReadyTasksLists
                0x20000ae0      0x460 ./Middlewares/Third_Party/FreeRTOS/Source/tasks.o
 .bss.xDelayedTaskList1
                0x20000f40       0x14 ./Middlewares/Third_Party/FreeRTOS/Source/tasks.o
 .bss.xDelayedTaskList2
                0x20000f54       0x14 ./Middlewares/Third_Party/FreeRTOS/Source/tasks.o
 .bss.pxDelayedTaskList
                0x20000f68        0x4 ./Middlewares/Third_Party/FreeRTOS/Source/tasks.o
 .bss.pxOverflowDelayedTaskList
                0x20000f6c        0x4 ./Middlewares/Third_Party/FreeRTOS/Source/tasks.o
 .bss.xPendingReadyList
                0x20000f70       0x14 ./Middlewares/Third_Party/FreeRTOS/Source/tasks.o
 .bss.xTasksWaitingTermination
                0x20000f84       0x14 ./Middlewares/Third_Party/FreeRTOS/Source/tasks.o
 .bss.uxDeletedTasksWaitingCleanUp
                0x20000f98        0x4 ./Middlewares/Third_Party/FreeRTOS/Source/tasks.o
 .bss.xSuspendedTaskList
                0x20000f9c       0x14 ./Middlewares/Third_Party/FreeRTOS/Source/tasks.o
 .bss.uxCurrentNumberOfTasks
                0x20000fb0        0x4 ./Middlewares/Third_Party/FreeRTOS/Source/tasks.o
 .bss.xTickCount
                0x20000fb4        0x4 ./Middlewares/Third_Party/FreeRTOS/Source/tasks.o
 .bss.uxTopReadyPriority
                0x20000fb8        0x4 ./Middlewares/Third_Party/FreeRTOS/Source/tasks.o
 .bss.xSchedulerRunning
                0x20000fbc        0x4 ./Middlewares/Third_Party/FreeRTOS/Source/tasks.o
 .bss.xPendedTicks
                0x20000fc0        0x4 ./Middlewares/Third_Party/FreeRTOS/Source/tasks.o
 .bss.xYieldPending
                0x20000fc4        0x4 ./Middlewares/Third_Party/FreeRTOS/Source/tasks.o
 .bss.xNumOfOverflows
                0x20000fc8        0x4 ./Middlewares/Third_Party/FreeRTOS/Source/tasks.o
 .bss.uxTaskNumber
                0x20000fcc        0x4 ./Middlewares/Third_Party/FreeRTOS/Source/tasks.o
 .bss.xNextTaskUnblockTime
                0x20000fd0        0x4 ./Middlewares/Third_Party/FreeRTOS/Source/tasks.o
 .bss.xIdleTaskHandle
                0x20000fd4        0x4 ./Middlewares/Third_Party/FreeRTOS/Source/tasks.o
 .bss.uxSchedulerSuspended
                0x20000fd8        0x4 ./Middlewares/Third_Party/FreeRTOS/Source/tasks.o
 .bss.xActiveTimerList1
                0x20000fdc       0x14 ./Middlewares/Third_Party/FreeRTOS/Source/timers.o
 .bss.xActiveTimerList2
                0x20000ff0       0x14 ./Middlewares/Third_Party/FreeRTOS/Source/timers.o
 .bss.pxCurrentTimerList
                0x20001004        0x4 ./Middlewares/Third_Party/FreeRTOS/Source/timers.o
 .bss.pxOverflowTimerList
                0x20001008        0x4 ./Middlewares/Third_Party/FreeRTOS/Source/timers.o
 .bss.xTimerQueue
                0x2000100c        0x4 ./Middlewares/Third_Party/FreeRTOS/Source/timers.o
 .bss.xTimerTaskHandle
                0x20001010        0x4 ./Middlewares/Third_Party/FreeRTOS/Source/timers.o
 .bss.xLastTime.2
                0x20001014        0x4 ./Middlewares/Third_Party/FreeRTOS/Source/timers.o
 .bss.ucStaticTimerQueueStorage.1
                0x20001018       0xa0 ./Middlewares/Third_Party/FreeRTOS/Source/timers.o
 .bss.xStaticTimerQueue.0
                0x200010b8       0x50 ./Middlewares/Third_Party/FreeRTOS/Source/timers.o
 .bss.ucMaxSysCallPriority
                0x20001108        0x1 ./Middlewares/Third_Party/FreeRTOS/Source/portable/GCC/ARM_CM3/port.o
 *fill*         0x20001109        0x3 
 .bss.ulMaxPRIGROUPValue
                0x2000110c        0x4 ./Middlewares/Third_Party/FreeRTOS/Source/portable/GCC/ARM_CM3/port.o
 .bss.ucHeap    0x20001110      0xc00 ./Middlewares/Third_Party/FreeRTOS/Source/portable/MemMang/heap_4.o
 .bss.xStart    0x20001d10        0x8 ./Middlewares/Third_Party/FreeRTOS/Source/portable/MemMang/heap_4.o
 .bss.pxEnd     0x20001d18        0x4 ./Middlewares/Third_Party/FreeRTOS/Source/portable/MemMang/heap_4.o
 .bss.xFreeBytesRemaining
                0x20001d1c        0x4 ./Middlewares/Third_Party/FreeRTOS/Source/portable/MemMang/heap_4.o
 .bss.xMinimumEverFreeBytesRemaining
                0x20001d20        0x4 ./Middlewares/Third_Party/FreeRTOS/Source/portable/MemMang/heap_4.o
 .bss.xNumberOfSuccessfulAllocations
                0x20001d24        0x4 ./Middlewares/Third_Party/FreeRTOS/Source/portable/MemMang/heap_4.o
 .bss.xNumberOfSuccessfulFrees
                0x20001d28        0x4 ./Middlewares/Third_Party/FreeRTOS/Source/portable/MemMang/heap_4.o
 .bss.xBlockAllocatedBit
                0x20001d2c        0x4 ./Middlewares/Third_Party/FreeRTOS/Source/portable/MemMang/heap_4.o
 .bss.__sf      0x20001d30      0x138 C:/ST/STM32CubeIDE_1.18.0/STM32CubeIDE/plugins/com.st.stm32cube.ide.mcu.externaltools.gnu-tools-for-stm32.13.3.rel1.win32_1.0.0.202411081344/tools/bin/../lib/gcc/arm-none-eabi/13.3.1/../../../../arm-none-eabi/lib/thumb/v7-m/nofp\libc_nano.a(libc_a-findfp.o)
                0x20001d30                __sf
 .bss.__lock___malloc_recursive_mutex
                0x20001e68        0x1 C:/ST/STM32CubeIDE_1.18.0/STM32CubeIDE/plugins/com.st.stm32cube.ide.mcu.externaltools.gnu-tools-for-stm32.13.3.rel1.win32_1.0.0.202411081344/tools/bin/../lib/gcc/arm-none-eabi/13.3.1/../../../../arm-none-eabi/lib/thumb/v7-m/nofp\libc_nano.a(libc_a-lock.o)
                0x20001e68                __lock___malloc_recursive_mutex
 *fill*         0x20001e69        0x3 
 .bss.__malloc_free_list
                0x20001e6c        0x4 C:/ST/STM32CubeIDE_1.18.0/STM32CubeIDE/plugins/com.st.stm32cube.ide.mcu.externaltools.gnu-tools-for-stm32.13.3.rel1.win32_1.0.0.202411081344/tools/bin/../lib/gcc/arm-none-eabi/13.3.1/../../../../arm-none-eabi/lib/thumb/v7-m/nofp\libc_nano.a(libc_a-mallocr.o)
                0x20001e6c                __malloc_free_list
 *(COMMON)
                0x20001e70                        . = ALIGN (0x4)
                0x20001e70                        _ebss = .
                0x20001e70                        __bss_end__ = _ebss

._user_heap_stack
                0x20001e70      0x600 load address 0x080072d8
                0x20001e70                        . = ALIGN (0x8)
                [!provide]                        PROVIDE (end = .)
                0x20001e70                        PROVIDE (_end = .)
                0x20002070                        . = (. + _Min_Heap_Size)
 *fill*         0x20001e70      0x200 
                0x20002470                        . = (. + _Min_Stack_Size)
 *fill*         0x20002070      0x400 
                0x20002470                        . = ALIGN (0x8)

/DISCARD/
 libc.a(*)
 libm.a(*)
 libgcc.a(*)

.ARM.attributes
                0x00000000       0x29
 *(.ARM.attributes)
 .ARM.attributes
                0x00000000       0x1d C:/ST/STM32CubeIDE_1.18.0/STM32CubeIDE/plugins/com.st.stm32cube.ide.mcu.externaltools.gnu-tools-for-stm32.13.3.rel1.win32_1.0.0.202411081344/tools/bin/../lib/gcc/arm-none-eabi/13.3.1/thumb/v7-m/nofp/crti.o
 .ARM.attributes
                0x0000001d       0x2d C:/ST/STM32CubeIDE_1.18.0/STM32CubeIDE/plugins/com.st.stm32cube.ide.mcu.externaltools.gnu-tools-for-stm32.13.3.rel1.win32_1.0.0.202411081344/tools/bin/../lib/gcc/arm-none-eabi/13.3.1/thumb/v7-m/nofp/crtbegin.o
 .ARM.attributes
                0x0000004a       0x2d ./Core/Src/ap.o
 .ARM.attributes
                0x00000077       0x2d ./Core/Src/bsp.o
 .ARM.attributes
                0x000000a4       0x2d ./Core/Src/hw.o
 .ARM.attributes
                0x000000d1       0x2d ./Core/Src/main.o
 .ARM.attributes
                0x000000fe       0x2d ./Core/Src/qbuffer.o
 .ARM.attributes
                0x0000012b       0x2d ./Core/Src/stm32f1xx_hal_msp.o
 .ARM.attributes
                0x00000158       0x2d ./Core/Src/stm32f1xx_hal_timebase_tim.o
 .ARM.attributes
                0x00000185       0x2d ./Core/Src/stm32f1xx_it.o
 .ARM.attributes
                0x000001b2       0x2d ./Core/Src/system_stm32f1xx.o
 .ARM.attributes
                0x000001df       0x2d ./Core/Src/uart.o
 .ARM.attributes
                0x0000020c       0x2d ./Core/Src/ultrasonic.o
 .ARM.attributes
                0x00000239       0x21 ./Core/Startup/startup_stm32f103rbtx.o
 .ARM.attributes
                0x0000025a       0x2d ./Drivers/STM32F1xx_HAL_Driver/Src/stm32f1xx_hal.o
 .ARM.attributes
                0x00000287       0x2d ./Drivers/STM32F1xx_HAL_Driver/Src/stm32f1xx_hal_adc.o
 .ARM.attributes
                0x000002b4       0x2d ./Drivers/STM32F1xx_HAL_Driver/Src/stm32f1xx_hal_adc_ex.o
 .ARM.attributes
                0x000002e1       0x2d ./Drivers/STM32F1xx_HAL_Driver/Src/stm32f1xx_hal_cortex.o
 .ARM.attributes
                0x0000030e       0x2d ./Drivers/STM32F1xx_HAL_Driver/Src/stm32f1xx_hal_dma.o
 .ARM.attributes
                0x0000033b       0x2d ./Drivers/STM32F1xx_HAL_Driver/Src/stm32f1xx_hal_gpio.o
 .ARM.attributes
                0x00000368       0x2d ./Drivers/STM32F1xx_HAL_Driver/Src/stm32f1xx_hal_rcc.o
 .ARM.attributes
                0x00000395       0x2d ./Drivers/STM32F1xx_HAL_Driver/Src/stm32f1xx_hal_rcc_ex.o
 .ARM.attributes
                0x000003c2       0x2d ./Drivers/STM32F1xx_HAL_Driver/Src/stm32f1xx_hal_tim.o
 .ARM.attributes
                0x000003ef       0x2d ./Drivers/STM32F1xx_HAL_Driver/Src/stm32f1xx_hal_tim_ex.o
 .ARM.attributes
                0x0000041c       0x2d ./Drivers/STM32F1xx_HAL_Driver/Src/stm32f1xx_hal_uart.o
 .ARM.attributes
                0x00000449       0x2d ./Middlewares/Third_Party/FreeRTOS/Source/CMSIS_RTOS_V2/cmsis_os2.o
 .ARM.attributes
                0x00000476       0x2d ./Middlewares/Third_Party/FreeRTOS/Source/event_groups.o
 .ARM.attributes
                0x000004a3       0x2d ./Middlewares/Third_Party/FreeRTOS/Source/list.o
 .ARM.attributes
                0x000004d0       0x2d ./Middlewares/Third_Party/FreeRTOS/Source/queue.o
 .ARM.attributes
                0x000004fd       0x2d ./Middlewares/Third_Party/FreeRTOS/Source/tasks.o
 .ARM.attributes
                0x0000052a       0x2d ./Middlewares/Third_Party/FreeRTOS/Source/timers.o
 .ARM.attributes
                0x00000557       0x2d ./Middlewares/Third_Party/FreeRTOS/Source/portable/GCC/ARM_CM3/port.o
 .ARM.attributes
                0x00000584       0x2d ./Middlewares/Third_Party/FreeRTOS/Source/portable/MemMang/heap_4.o
 .ARM.attributes
                0x000005b1       0x2d C:/ST/STM32CubeIDE_1.18.0/STM32CubeIDE/plugins/com.st.stm32cube.ide.mcu.externaltools.gnu-tools-for-stm32.13.3.rel1.win32_1.0.0.202411081344/tools/bin/../lib/gcc/arm-none-eabi/13.3.1/../../../../arm-none-eabi/lib/thumb/v7-m/nofp\libc_nano.a(libc_a-findfp.o)
 .ARM.attributes
                0x000005de       0x2d C:/ST/STM32CubeIDE_1.18.0/STM32CubeIDE/plugins/com.st.stm32cube.ide.mcu.externaltools.gnu-tools-for-stm32.13.3.rel1.win32_1.0.0.202411081344/tools/bin/../lib/gcc/arm-none-eabi/13.3.1/../../../../arm-none-eabi/lib/thumb/v7-m/nofp\libc_nano.a(libc_a-memset.o)
 .ARM.attributes
                0x0000060b       0x2d C:/ST/STM32CubeIDE_1.18.0/STM32CubeIDE/plugins/com.st.stm32cube.ide.mcu.externaltools.gnu-tools-for-stm32.13.3.rel1.win32_1.0.0.202411081344/tools/bin/../lib/gcc/arm-none-eabi/13.3.1/../../../../arm-none-eabi/lib/thumb/v7-m/nofp\libc_nano.a(libc_a-reent.o)
 .ARM.attributes
                0x00000638       0x2d C:/ST/STM32CubeIDE_1.18.0/STM32CubeIDE/plugins/com.st.stm32cube.ide.mcu.externaltools.gnu-tools-for-stm32.13.3.rel1.win32_1.0.0.202411081344/tools/bin/../lib/gcc/arm-none-eabi/13.3.1/../../../../arm-none-eabi/lib/thumb/v7-m/nofp\libc_nano.a(libc_a-impure.o)
 .ARM.attributes
                0x00000665       0x2d C:/ST/STM32CubeIDE_1.18.0/STM32CubeIDE/plugins/com.st.stm32cube.ide.mcu.externaltools.gnu-tools-for-stm32.13.3.rel1.win32_1.0.0.202411081344/tools/bin/../lib/gcc/arm-none-eabi/13.3.1/../../../../arm-none-eabi/lib/thumb/v7-m/nofp\libc_nano.a(libc_a-init.o)
 .ARM.attributes
                0x00000692       0x2d C:/ST/STM32CubeIDE_1.18.0/STM32CubeIDE/plugins/com.st.stm32cube.ide.mcu.externaltools.gnu-tools-for-stm32.13.3.rel1.win32_1.0.0.202411081344/tools/bin/../lib/gcc/arm-none-eabi/13.3.1/../../../../arm-none-eabi/lib/thumb/v7-m/nofp\libc_nano.a(libc_a-lock.o)
 .ARM.attributes
                0x000006bf       0x2d C:/ST/STM32CubeIDE_1.18.0/STM32CubeIDE/plugins/com.st.stm32cube.ide.mcu.externaltools.gnu-tools-for-stm32.13.3.rel1.win32_1.0.0.202411081344/tools/bin/../lib/gcc/arm-none-eabi/13.3.1/../../../../arm-none-eabi/lib/thumb/v7-m/nofp\libc_nano.a(libc_a-memcpy-stub.o)
 .ARM.attributes
                0x000006ec       0x2d C:/ST/STM32CubeIDE_1.18.0/STM32CubeIDE/plugins/com.st.stm32cube.ide.mcu.externaltools.gnu-tools-for-stm32.13.3.rel1.win32_1.0.0.202411081344/tools/bin/../lib/gcc/arm-none-eabi/13.3.1/../../../../arm-none-eabi/lib/thumb/v7-m/nofp\libc_nano.a(libc_a-freer.o)
 .ARM.attributes
                0x00000719       0x2d C:/ST/STM32CubeIDE_1.18.0/STM32CubeIDE/plugins/com.st.stm32cube.ide.mcu.externaltools.gnu-tools-for-stm32.13.3.rel1.win32_1.0.0.202411081344/tools/bin/../lib/gcc/arm-none-eabi/13.3.1/../../../../arm-none-eabi/lib/thumb/v7-m/nofp\libc_nano.a(libc_a-mallocr.o)
 .ARM.attributes
                0x00000746       0x2d C:/ST/STM32CubeIDE_1.18.0/STM32CubeIDE/plugins/com.st.stm32cube.ide.mcu.externaltools.gnu-tools-for-stm32.13.3.rel1.win32_1.0.0.202411081344/tools/bin/../lib/gcc/arm-none-eabi/13.3.1/../../../../arm-none-eabi/lib/thumb/v7-m/nofp\libc_nano.a(libc_a-mlock.o)
 .ARM.attributes
                0x00000773       0x1d C:/ST/STM32CubeIDE_1.18.0/STM32CubeIDE/plugins/com.st.stm32cube.ide.mcu.externaltools.gnu-tools-for-stm32.13.3.rel1.win32_1.0.0.202411081344/tools/bin/../lib/gcc/arm-none-eabi/13.3.1/thumb/v7-m/nofp/crtn.o
OUTPUT(FreeRTOStry.elf elf32-littlearm)
LOAD linker stubs
LOAD C:/ST/STM32CubeIDE_1.18.0/STM32CubeIDE/plugins/com.st.stm32cube.ide.mcu.externaltools.gnu-tools-for-stm32.13.3.rel1.win32_1.0.0.202411081344/tools/bin/../lib/gcc/arm-none-eabi/13.3.1/../../../../arm-none-eabi/lib/thumb/v7-m/nofp\libc.a
LOAD C:/ST/STM32CubeIDE_1.18.0/STM32CubeIDE/plugins/com.st.stm32cube.ide.mcu.externaltools.gnu-tools-for-stm32.13.3.rel1.win32_1.0.0.202411081344/tools/bin/../lib/gcc/arm-none-eabi/13.3.1/../../../../arm-none-eabi/lib/thumb/v7-m/nofp\libm.a
LOAD C:/ST/STM32CubeIDE_1.18.0/STM32CubeIDE/plugins/com.st.stm32cube.ide.mcu.externaltools.gnu-tools-for-stm32.13.3.rel1.win32_1.0.0.202411081344/tools/bin/../lib/gcc/arm-none-eabi/13.3.1/thumb/v7-m/nofp\libgcc.a

.debug_info     0x00000000    0x1bf0a
 .debug_info    0x00000000      0xd6d ./Core/Src/ap.o
 .debug_info    0x00000d6d      0x882 ./Core/Src/bsp.o
 .debug_info    0x000015ef     0x1082 ./Core/Src/hw.o
 .debug_info    0x00002671       0xaa ./Core/Src/main.o
 .debug_info    0x0000271b      0x2a1 ./Core/Src/qbuffer.o
 .debug_info    0x000029bc     0x10ca ./Core/Src/stm32f1xx_hal_msp.o
 .debug_info    0x00003a86      0x9a8 ./Core/Src/stm32f1xx_hal_timebase_tim.o
 .debug_info    0x0000442e      0x92a ./Core/Src/stm32f1xx_it.o
 .debug_info    0x00004d58      0x222 ./Core/Src/system_stm32f1xx.o
 .debug_info    0x00004f7a      0x9a9 ./Core/Src/uart.o
 .debug_info    0x00005923      0x13a ./Core/Src/ultrasonic.o
 .debug_info    0x00005a5d       0x30 ./Core/Startup/startup_stm32f103rbtx.o
 .debug_info    0x00005a8d      0x704 ./Drivers/STM32F1xx_HAL_Driver/Src/stm32f1xx_hal.o
 .debug_info    0x00006191      0xc50 ./Drivers/STM32F1xx_HAL_Driver/Src/stm32f1xx_hal_adc.o
 .debug_info    0x00006de1      0xa10 ./Drivers/STM32F1xx_HAL_Driver/Src/stm32f1xx_hal_adc_ex.o
 .debug_info    0x000077f1      0xa87 ./Drivers/STM32F1xx_HAL_Driver/Src/stm32f1xx_hal_cortex.o
 .debug_info    0x00008278      0x6d2 ./Drivers/STM32F1xx_HAL_Driver/Src/stm32f1xx_hal_dma.o
 .debug_info    0x0000894a      0x5ab ./Drivers/STM32F1xx_HAL_Driver/Src/stm32f1xx_hal_gpio.o
 .debug_info    0x00008ef5      0x7d5 ./Drivers/STM32F1xx_HAL_Driver/Src/stm32f1xx_hal_rcc.o
 .debug_info    0x000096ca      0x3c0 ./Drivers/STM32F1xx_HAL_Driver/Src/stm32f1xx_hal_rcc_ex.o
 .debug_info    0x00009a8a     0x2959 ./Drivers/STM32F1xx_HAL_Driver/Src/stm32f1xx_hal_tim.o
 .debug_info    0x0000c3e3     0x149b ./Drivers/STM32F1xx_HAL_Driver/Src/stm32f1xx_hal_tim_ex.o
 .debug_info    0x0000d87e     0x2eed ./Drivers/STM32F1xx_HAL_Driver/Src/stm32f1xx_hal_uart.o
 .debug_info    0x0001076b     0x402c ./Middlewares/Third_Party/FreeRTOS/Source/CMSIS_RTOS_V2/cmsis_os2.o
 .debug_info    0x00014797      0xbd1 ./Middlewares/Third_Party/FreeRTOS/Source/event_groups.o
 .debug_info    0x00015368      0x2af ./Middlewares/Third_Party/FreeRTOS/Source/list.o
 .debug_info    0x00015617     0x1b79 ./Middlewares/Third_Party/FreeRTOS/Source/queue.o
 .debug_info    0x00017190     0x28c1 ./Middlewares/Third_Party/FreeRTOS/Source/tasks.o
 .debug_info    0x00019a51     0x1b50 ./Middlewares/Third_Party/FreeRTOS/Source/timers.o
 .debug_info    0x0001b5a1      0x494 ./Middlewares/Third_Party/FreeRTOS/Source/portable/GCC/ARM_CM3/port.o
 .debug_info    0x0001ba35      0x4d5 ./Middlewares/Third_Party/FreeRTOS/Source/portable/MemMang/heap_4.o

.debug_abbrev   0x00000000     0x4483
 .debug_abbrev  0x00000000      0x205 ./Core/Src/ap.o
 .debug_abbrev  0x00000205      0x207 ./Core/Src/bsp.o
 .debug_abbrev  0x0000040c      0x262 ./Core/Src/hw.o
 .debug_abbrev  0x0000066e       0x5b ./Core/Src/main.o
 .debug_abbrev  0x000006c9      0x108 ./Core/Src/qbuffer.o
 .debug_abbrev  0x000007d1      0x25f ./Core/Src/stm32f1xx_hal_msp.o
 .debug_abbrev  0x00000a30      0x1f3 ./Core/Src/stm32f1xx_hal_timebase_tim.o
 .debug_abbrev  0x00000c23      0x1a9 ./Core/Src/stm32f1xx_it.o
 .debug_abbrev  0x00000dcc      0x13f ./Core/Src/system_stm32f1xx.o
 .debug_abbrev  0x00000f0b      0x253 ./Core/Src/uart.o
 .debug_abbrev  0x0000115e       0xa9 ./Core/Src/ultrasonic.o
 .debug_abbrev  0x00001207       0x24 ./Core/Startup/startup_stm32f103rbtx.o
 .debug_abbrev  0x0000122b      0x201 ./Drivers/STM32F1xx_HAL_Driver/Src/stm32f1xx_hal.o
 .debug_abbrev  0x0000142c      0x225 ./Drivers/STM32F1xx_HAL_Driver/Src/stm32f1xx_hal_adc.o
 .debug_abbrev  0x00001651      0x249 ./Drivers/STM32F1xx_HAL_Driver/Src/stm32f1xx_hal_adc_ex.o
 .debug_abbrev  0x0000189a      0x2f8 ./Drivers/STM32F1xx_HAL_Driver/Src/stm32f1xx_hal_cortex.o
 .debug_abbrev  0x00001b92      0x20b ./Drivers/STM32F1xx_HAL_Driver/Src/stm32f1xx_hal_dma.o
 .debug_abbrev  0x00001d9d      0x1ca ./Drivers/STM32F1xx_HAL_Driver/Src/stm32f1xx_hal_gpio.o
 .debug_abbrev  0x00001f67      0x2b3 ./Drivers/STM32F1xx_HAL_Driver/Src/stm32f1xx_hal_rcc.o
 .debug_abbrev  0x0000221a      0x188 ./Drivers/STM32F1xx_HAL_Driver/Src/stm32f1xx_hal_rcc_ex.o
 .debug_abbrev  0x000023a2      0x277 ./Drivers/STM32F1xx_HAL_Driver/Src/stm32f1xx_hal_tim.o
 .debug_abbrev  0x00002619      0x282 ./Drivers/STM32F1xx_HAL_Driver/Src/stm32f1xx_hal_tim_ex.o
 .debug_abbrev  0x0000289b      0x2f8 ./Drivers/STM32F1xx_HAL_Driver/Src/stm32f1xx_hal_uart.o
 .debug_abbrev  0x00002b93      0x548 ./Middlewares/Third_Party/FreeRTOS/Source/CMSIS_RTOS_V2/cmsis_os2.o
 .debug_abbrev  0x000030db      0x322 ./Middlewares/Third_Party/FreeRTOS/Source/event_groups.o
 .debug_abbrev  0x000033fd       0xf5 ./Middlewares/Third_Party/FreeRTOS/Source/list.o
 .debug_abbrev  0x000034f2      0x3b6 ./Middlewares/Third_Party/FreeRTOS/Source/queue.o
 .debug_abbrev  0x000038a8      0x3fe ./Middlewares/Third_Party/FreeRTOS/Source/tasks.o
 .debug_abbrev  0x00003ca6      0x368 ./Middlewares/Third_Party/FreeRTOS/Source/timers.o
 .debug_abbrev  0x0000400e      0x258 ./Middlewares/Third_Party/FreeRTOS/Source/portable/GCC/ARM_CM3/port.o
 .debug_abbrev  0x00004266      0x21d ./Middlewares/Third_Party/FreeRTOS/Source/portable/MemMang/heap_4.o

.debug_aranges  0x00000000     0x17c8
 .debug_aranges
                0x00000000       0x40 ./Core/Src/ap.o
 .debug_aranges
                0x00000040       0x38 ./Core/Src/bsp.o
 .debug_aranges
                0x00000078       0x48 ./Core/Src/hw.o
 .debug_aranges
                0x000000c0       0x20 ./Core/Src/main.o
 .debug_aranges
                0x000000e0       0x48 ./Core/Src/qbuffer.o
 .debug_aranges
                0x00000128       0x58 ./Core/Src/stm32f1xx_hal_msp.o
 .debug_aranges
                0x00000180       0x30 ./Core/Src/stm32f1xx_hal_timebase_tim.o
 .debug_aranges
                0x000001b0       0x70 ./Core/Src/stm32f1xx_it.o
 .debug_aranges
                0x00000220       0x28 ./Core/Src/system_stm32f1xx.o
 .debug_aranges
                0x00000248       0x68 ./Core/Src/uart.o
 .debug_aranges
                0x000002b0       0x28 ./Core/Src/ultrasonic.o
 .debug_aranges
                0x000002d8       0x28 ./Core/Startup/startup_stm32f103rbtx.o
 .debug_aranges
                0x00000300       0xe0 ./Drivers/STM32F1xx_HAL_Driver/Src/stm32f1xx_hal.o
 .debug_aranges
                0x000003e0       0xf0 ./Drivers/STM32F1xx_HAL_Driver/Src/stm32f1xx_hal_adc.o
 .debug_aranges
                0x000004d0       0x80 ./Drivers/STM32F1xx_HAL_Driver/Src/stm32f1xx_hal_adc_ex.o
 .debug_aranges
                0x00000550      0x100 ./Drivers/STM32F1xx_HAL_Driver/Src/stm32f1xx_hal_cortex.o
 .debug_aranges
                0x00000650       0x80 ./Drivers/STM32F1xx_HAL_Driver/Src/stm32f1xx_hal_dma.o
 .debug_aranges
                0x000006d0       0x58 ./Drivers/STM32F1xx_HAL_Driver/Src/stm32f1xx_hal_gpio.o
 .debug_aranges
                0x00000728       0x90 ./Drivers/STM32F1xx_HAL_Driver/Src/stm32f1xx_hal_rcc.o
 .debug_aranges
                0x000007b8       0x30 ./Drivers/STM32F1xx_HAL_Driver/Src/stm32f1xx_hal_rcc_ex.o
 .debug_aranges
                0x000007e8      0x3d0 ./Drivers/STM32F1xx_HAL_Driver/Src/stm32f1xx_hal_tim.o
 .debug_aranges
                0x00000bb8      0x168 ./Drivers/STM32F1xx_HAL_Driver/Src/stm32f1xx_hal_tim_ex.o
 .debug_aranges
                0x00000d20      0x208 ./Drivers/STM32F1xx_HAL_Driver/Src/stm32f1xx_hal_uart.o
 .debug_aranges
                0x00000f28      0x2b0 ./Middlewares/Third_Party/FreeRTOS/Source/CMSIS_RTOS_V2/cmsis_os2.o
 .debug_aranges
                0x000011d8       0x90 ./Middlewares/Third_Party/FreeRTOS/Source/event_groups.o
 .debug_aranges
                0x00001268       0x40 ./Middlewares/Third_Party/FreeRTOS/Source/list.o
 .debug_aranges
                0x000012a8      0x158 ./Middlewares/Third_Party/FreeRTOS/Source/queue.o
 .debug_aranges
                0x00001400      0x208 ./Middlewares/Third_Party/FreeRTOS/Source/tasks.o
 .debug_aranges
                0x00001608       0xf0 ./Middlewares/Third_Party/FreeRTOS/Source/timers.o
 .debug_aranges
                0x000016f8       0x78 ./Middlewares/Third_Party/FreeRTOS/Source/portable/GCC/ARM_CM3/port.o
 .debug_aranges
                0x00001770       0x58 ./Middlewares/Third_Party/FreeRTOS/Source/portable/MemMang/heap_4.o

.debug_rnglists
                0x00000000     0x125b
 .debug_rnglists
                0x00000000       0x2c ./Core/Src/ap.o
 .debug_rnglists
                0x0000002c       0x26 ./Core/Src/bsp.o
 .debug_rnglists
                0x00000052       0x34 ./Core/Src/hw.o
 .debug_rnglists
                0x00000086       0x13 ./Core/Src/main.o
 .debug_rnglists
                0x00000099       0x31 ./Core/Src/qbuffer.o
 .debug_rnglists
                0x000000ca       0x40 ./Core/Src/stm32f1xx_hal_msp.o
 .debug_rnglists
                0x0000010a       0x20 ./Core/Src/stm32f1xx_hal_timebase_tim.o
 .debug_rnglists
                0x0000012a       0x4f ./Core/Src/stm32f1xx_it.o
 .debug_rnglists
                0x00000179       0x1a ./Core/Src/system_stm32f1xx.o
 .debug_rnglists
                0x00000193       0x4a ./Core/Src/uart.o
 .debug_rnglists
                0x000001dd       0x1a ./Core/Src/ultrasonic.o
 .debug_rnglists
                0x000001f7       0x19 ./Core/Startup/startup_stm32f103rbtx.o
 .debug_rnglists
                0x00000210       0xa3 ./Drivers/STM32F1xx_HAL_Driver/Src/stm32f1xx_hal.o
 .debug_rnglists
                0x000002b3       0xbc ./Drivers/STM32F1xx_HAL_Driver/Src/stm32f1xx_hal_adc.o
 .debug_rnglists
                0x0000036f       0x65 ./Drivers/STM32F1xx_HAL_Driver/Src/stm32f1xx_hal_adc_ex.o
 .debug_rnglists
                0x000003d4       0xbb ./Drivers/STM32F1xx_HAL_Driver/Src/stm32f1xx_hal_cortex.o
 .debug_rnglists
                0x0000048f       0x64 ./Drivers/STM32F1xx_HAL_Driver/Src/stm32f1xx_hal_dma.o
 .debug_rnglists
                0x000004f3       0x3f ./Drivers/STM32F1xx_HAL_Driver/Src/stm32f1xx_hal_gpio.o
 .debug_rnglists
                0x00000532       0x6c ./Drivers/STM32F1xx_HAL_Driver/Src/stm32f1xx_hal_rcc.o
 .debug_rnglists
                0x0000059e       0x21 ./Drivers/STM32F1xx_HAL_Driver/Src/stm32f1xx_hal_rcc_ex.o
 .debug_rnglists
                0x000005bf      0x31a ./Drivers/STM32F1xx_HAL_Driver/Src/stm32f1xx_hal_tim.o
 .debug_rnglists
                0x000008d9      0x125 ./Drivers/STM32F1xx_HAL_Driver/Src/stm32f1xx_hal_tim_ex.o
 .debug_rnglists
                0x000009fe      0x1bc ./Drivers/STM32F1xx_HAL_Driver/Src/stm32f1xx_hal_uart.o
 .debug_rnglists
                0x00000bba      0x212 ./Middlewares/Third_Party/FreeRTOS/Source/CMSIS_RTOS_V2/cmsis_os2.o
 .debug_rnglists
                0x00000dcc       0x6a ./Middlewares/Third_Party/FreeRTOS/Source/event_groups.o
 .debug_rnglists
                0x00000e36       0x2b ./Middlewares/Third_Party/FreeRTOS/Source/list.o
 .debug_rnglists
                0x00000e61      0x109 ./Middlewares/Third_Party/FreeRTOS/Source/queue.o
 .debug_rnglists
                0x00000f6a      0x1a0 ./Middlewares/Third_Party/FreeRTOS/Source/tasks.o
 .debug_rnglists
                0x0000110a       0xb8 ./Middlewares/Third_Party/FreeRTOS/Source/timers.o
 .debug_rnglists
                0x000011c2       0x57 ./Middlewares/Third_Party/FreeRTOS/Source/portable/GCC/ARM_CM3/port.o
 .debug_rnglists
                0x00001219       0x42 ./Middlewares/Third_Party/FreeRTOS/Source/portable/MemMang/heap_4.o

.debug_macro    0x00000000    0x1c579
 .debug_macro   0x00000000      0x3fe ./Core/Src/ap.o
 .debug_macro   0x000003fe      0xacc ./Core/Src/ap.o
 .debug_macro   0x00000eca       0x22 ./Core/Src/ap.o
 .debug_macro   0x00000eec       0x5b ./Core/Src/ap.o
 .debug_macro   0x00000f47       0x24 ./Core/Src/ap.o
 .debug_macro   0x00000f6b       0x94 ./Core/Src/ap.o
 .debug_macro   0x00000fff       0x43 ./Core/Src/ap.o
 .debug_macro   0x00001042       0x34 ./Core/Src/ap.o
 .debug_macro   0x00001076       0x16 ./Core/Src/ap.o
 .debug_macro   0x0000108c       0x57 ./Core/Src/ap.o
 .debug_macro   0x000010e3       0x9e ./Core/Src/ap.o
 .debug_macro   0x00001181      0x370 ./Core/Src/ap.o
 .debug_macro   0x000014f1      0x112 ./Core/Src/ap.o
 .debug_macro   0x00001603       0x10 ./Core/Src/ap.o
 .debug_macro   0x00001613       0x16 ./Core/Src/ap.o
 .debug_macro   0x00001629       0x4a ./Core/Src/ap.o
 .debug_macro   0x00001673       0x34 ./Core/Src/ap.o
 .debug_macro   0x000016a7       0x10 ./Core/Src/ap.o
 .debug_macro   0x000016b7       0x58 ./Core/Src/ap.o
 .debug_macro   0x0000170f       0x8e ./Core/Src/ap.o
 .debug_macro   0x0000179d       0x1c ./Core/Src/ap.o
 .debug_macro   0x000017b9      0x185 ./Core/Src/ap.o
 .debug_macro   0x0000193e       0x16 ./Core/Src/ap.o
 .debug_macro   0x00001954       0x16 ./Core/Src/ap.o
 .debug_macro   0x0000196a      0x146 ./Core/Src/ap.o
 .debug_macro   0x00001ab0      0x103 ./Core/Src/ap.o
 .debug_macro   0x00001bb3       0x6a ./Core/Src/ap.o
 .debug_macro   0x00001c1d      0x1df ./Core/Src/ap.o
 .debug_macro   0x00001dfc       0x22 ./Core/Src/ap.o
 .debug_macro   0x00001e1e       0x16 ./Core/Src/ap.o
 .debug_macro   0x00001e34       0x3c ./Core/Src/ap.o
 .debug_macro   0x00001e70       0x16 ./Core/Src/ap.o
 .debug_macro   0x00001e86       0x29 ./Core/Src/ap.o
 .debug_macro   0x00001eaf       0x16 ./Core/Src/ap.o
 .debug_macro   0x00001ec5       0x20 ./Core/Src/ap.o
 .debug_macro   0x00001ee5       0x4c ./Core/Src/ap.o
 .debug_macro   0x00001f31       0x64 ./Core/Src/ap.o
 .debug_macro   0x00001f95      0x227 ./Core/Src/ap.o
 .debug_macro   0x000021bc       0x2e ./Core/Src/ap.o
 .debug_macro   0x000021ea       0x22 ./Core/Src/ap.o
 .debug_macro   0x0000220c       0x1c ./Core/Src/ap.o
 .debug_macro   0x00002228       0x22 ./Core/Src/ap.o
 .debug_macro   0x0000224a       0xbd ./Core/Src/ap.o
 .debug_macro   0x00002307      0xd23 ./Core/Src/ap.o
 .debug_macro   0x0000302a     0xe09e ./Core/Src/ap.o
 .debug_macro   0x000110c8       0x6d ./Core/Src/ap.o
 .debug_macro   0x00011135     0x34a2 ./Core/Src/ap.o
 .debug_macro   0x000145d7       0x56 ./Core/Src/ap.o
 .debug_macro   0x0001462d      0x5bc ./Core/Src/ap.o
 .debug_macro   0x00014be9      0x289 ./Core/Src/ap.o
 .debug_macro   0x00014e72      0x1cb ./Core/Src/ap.o
 .debug_macro   0x0001503d      0x114 ./Core/Src/ap.o
 .debug_macro   0x00015151      0x1b2 ./Core/Src/ap.o
 .debug_macro   0x00015303       0x27 ./Core/Src/ap.o
 .debug_macro   0x0001532a      0x136 ./Core/Src/ap.o
 .debug_macro   0x00015460      0x1bc ./Core/Src/ap.o
 .debug_macro   0x0001561c       0x34 ./Core/Src/ap.o
 .debug_macro   0x00015650       0x3c ./Core/Src/ap.o
 .debug_macro   0x0001568c       0x57 ./Core/Src/ap.o
 .debug_macro   0x000156e3      0x46a ./Core/Src/ap.o
 .debug_macro   0x00015b4d      0x1b5 ./Core/Src/ap.o
 .debug_macro   0x00015d02       0x87 ./Core/Src/ap.o
 .debug_macro   0x00015d89      0x240 ./Core/Src/ap.o
 .debug_macro   0x00015fc9      0x140 ./Core/Src/ap.o
 .debug_macro   0x00016109      0x8ed ./Core/Src/ap.o
 .debug_macro   0x000169f6      0x28e ./Core/Src/ap.o
 .debug_macro   0x00016c84       0x83 ./Core/Src/ap.o
 .debug_macro   0x00016d07      0x137 ./Core/Src/ap.o
 .debug_macro   0x00016e3e      0x15a ./Core/Src/ap.o
 .debug_macro   0x00016f98       0xc9 ./Core/Src/ap.o
 .debug_macro   0x00017061       0x1c ./Core/Src/ap.o
 .debug_macro   0x0001707d       0x26 ./Core/Src/ap.o
 .debug_macro   0x000170a3       0x16 ./Core/Src/ap.o
 .debug_macro   0x000170b9      0x4d4 ./Core/Src/ap.o
 .debug_macro   0x0001758d       0xb5 ./Core/Src/ap.o
 .debug_macro   0x00017642       0xaa ./Core/Src/ap.o
 .debug_macro   0x000176ec       0x66 ./Core/Src/ap.o
 .debug_macro   0x00017752       0x74 ./Core/Src/ap.o
 .debug_macro   0x000177c6       0xdd ./Core/Src/ap.o
 .debug_macro   0x000178a3       0x2e ./Core/Src/ap.o
 .debug_macro   0x000178d1       0x10 ./Core/Src/ap.o
 .debug_macro   0x000178e1      0x3be ./Core/Src/bsp.o
 .debug_macro   0x00017c9f      0x3f4 ./Core/Src/hw.o
 .debug_macro   0x00018093      0x413 ./Core/Src/main.o
 .debug_macro   0x000184a6       0x5c ./Core/Src/main.o
 .debug_macro   0x00018502      0x1c9 ./Core/Src/qbuffer.o
 .debug_macro   0x000186cb      0x413 ./Core/Src/stm32f1xx_hal_msp.o
 .debug_macro   0x00018ade      0x1b7 ./Core/Src/stm32f1xx_hal_timebase_tim.o
 .debug_macro   0x00018c95      0x41d ./Core/Src/stm32f1xx_it.o
 .debug_macro   0x000190b2      0x1b7 ./Core/Src/system_stm32f1xx.o
 .debug_macro   0x00019269      0x3e7 ./Core/Src/uart.o
 .debug_macro   0x00019650      0x3e1 ./Core/Src/ultrasonic.o
 .debug_macro   0x00019a31      0x1db ./Drivers/STM32F1xx_HAL_Driver/Src/stm32f1xx_hal.o
 .debug_macro   0x00019c0c      0x1d4 ./Drivers/STM32F1xx_HAL_Driver/Src/stm32f1xx_hal_adc.o
 .debug_macro   0x00019de0      0x1c9 ./Drivers/STM32F1xx_HAL_Driver/Src/stm32f1xx_hal_adc_ex.o
 .debug_macro   0x00019fa9      0x1b7 ./Drivers/STM32F1xx_HAL_Driver/Src/stm32f1xx_hal_cortex.o
 .debug_macro   0x0001a160      0x1b7 ./Drivers/STM32F1xx_HAL_Driver/Src/stm32f1xx_hal_dma.o
 .debug_macro   0x0001a317      0x222 ./Drivers/STM32F1xx_HAL_Driver/Src/stm32f1xx_hal_gpio.o
 .debug_macro   0x0001a539      0x1c9 ./Drivers/STM32F1xx_HAL_Driver/Src/stm32f1xx_hal_rcc.o
 .debug_macro   0x0001a702      0x1b7 ./Drivers/STM32F1xx_HAL_Driver/Src/stm32f1xx_hal_rcc_ex.o
 .debug_macro   0x0001a8b9      0x1b8 ./Drivers/STM32F1xx_HAL_Driver/Src/stm32f1xx_hal_tim.o
 .debug_macro   0x0001aa71      0x1b7 ./Drivers/STM32F1xx_HAL_Driver/Src/stm32f1xx_hal_tim_ex.o
 .debug_macro   0x0001ac28      0x1b8 ./Drivers/STM32F1xx_HAL_Driver/Src/stm32f1xx_hal_uart.o
 .debug_macro   0x0001ade0      0x3c5 ./Middlewares/Third_Party/FreeRTOS/Source/CMSIS_RTOS_V2/cmsis_os2.o
 .debug_macro   0x0001b1a5       0x10 ./Middlewares/Third_Party/FreeRTOS/Source/CMSIS_RTOS_V2/cmsis_os2.o
 .debug_macro   0x0001b1b5       0x10 ./Middlewares/Third_Party/FreeRTOS/Source/CMSIS_RTOS_V2/cmsis_os2.o
 .debug_macro   0x0001b1c5       0xb7 ./Middlewares/Third_Party/FreeRTOS/Source/CMSIS_RTOS_V2/cmsis_os2.o
 .debug_macro   0x0001b27c       0x91 ./Middlewares/Third_Party/FreeRTOS/Source/CMSIS_RTOS_V2/cmsis_os2.o
 .debug_macro   0x0001b30d       0x8d ./Middlewares/Third_Party/FreeRTOS/Source/CMSIS_RTOS_V2/cmsis_os2.o
 .debug_macro   0x0001b39a       0x9a ./Middlewares/Third_Party/FreeRTOS/Source/CMSIS_RTOS_V2/cmsis_os2.o
 .debug_macro   0x0001b434       0x22 ./Middlewares/Third_Party/FreeRTOS/Source/CMSIS_RTOS_V2/cmsis_os2.o
 .debug_macro   0x0001b456       0x28 ./Middlewares/Third_Party/FreeRTOS/Source/CMSIS_RTOS_V2/cmsis_os2.o
 .debug_macro   0x0001b47e      0x1f4 ./Middlewares/Third_Party/FreeRTOS/Source/event_groups.o
 .debug_macro   0x0001b672      0x11c ./Middlewares/Third_Party/FreeRTOS/Source/event_groups.o
 .debug_macro   0x0001b78e       0x9b ./Middlewares/Third_Party/FreeRTOS/Source/event_groups.o
 .debug_macro   0x0001b829      0x199 ./Middlewares/Third_Party/FreeRTOS/Source/list.o
 .debug_macro   0x0001b9c2      0x228 ./Middlewares/Third_Party/FreeRTOS/Source/queue.o
 .debug_macro   0x0001bbea       0x87 ./Middlewares/Third_Party/FreeRTOS/Source/queue.o
 .debug_macro   0x0001bc71      0x291 ./Middlewares/Third_Party/FreeRTOS/Source/tasks.o
 .debug_macro   0x0001bf02       0x10 ./Middlewares/Third_Party/FreeRTOS/Source/tasks.o
 .debug_macro   0x0001bf12      0x1ee ./Middlewares/Third_Party/FreeRTOS/Source/timers.o
 .debug_macro   0x0001c100       0x97 ./Middlewares/Third_Party/FreeRTOS/Source/timers.o
 .debug_macro   0x0001c197      0x222 ./Middlewares/Third_Party/FreeRTOS/Source/portable/GCC/ARM_CM3/port.o
 .debug_macro   0x0001c3b9      0x1c0 ./Middlewares/Third_Party/FreeRTOS/Source/portable/MemMang/heap_4.o

.debug_line     0x00000000    0x1d3b8
 .debug_line    0x00000000      0xb45 ./Core/Src/ap.o
 .debug_line    0x00000b45      0xaf4 ./Core/Src/bsp.o
 .debug_line    0x00001639      0xc41 ./Core/Src/hw.o
 .debug_line    0x0000227a      0xaa1 ./Core/Src/main.o
 .debug_line    0x00002d1b      0x716 ./Core/Src/qbuffer.o
 .debug_line    0x00003431      0xc00 ./Core/Src/stm32f1xx_hal_msp.o
 .debug_line    0x00004031      0x7ac ./Core/Src/stm32f1xx_hal_timebase_tim.o
 .debug_line    0x000047dd      0xb94 ./Core/Src/stm32f1xx_it.o
 .debug_line    0x00005371      0x7ac ./Core/Src/system_stm32f1xx.o
 .debug_line    0x00005b1d      0xc1e ./Core/Src/uart.o
 .debug_line    0x0000673b      0xac3 ./Core/Src/ultrasonic.o
 .debug_line    0x000071fe       0x78 ./Core/Startup/startup_stm32f103rbtx.o
 .debug_line    0x00007276      0x9dd ./Drivers/STM32F1xx_HAL_Driver/Src/stm32f1xx_hal.o
 .debug_line    0x00007c53     0x1002 ./Drivers/STM32F1xx_HAL_Driver/Src/stm32f1xx_hal_adc.o
 .debug_line    0x00008c55      0xd24 ./Drivers/STM32F1xx_HAL_Driver/Src/stm32f1xx_hal_adc_ex.o
 .debug_line    0x00009979      0xba7 ./Drivers/STM32F1xx_HAL_Driver/Src/stm32f1xx_hal_cortex.o
 .debug_line    0x0000a520      0xde7 ./Drivers/STM32F1xx_HAL_Driver/Src/stm32f1xx_hal_dma.o
 .debug_line    0x0000b307      0xa3a ./Drivers/STM32F1xx_HAL_Driver/Src/stm32f1xx_hal_gpio.o
 .debug_line    0x0000bd41      0xe96 ./Drivers/STM32F1xx_HAL_Driver/Src/stm32f1xx_hal_rcc.o
 .debug_line    0x0000cbd7      0x947 ./Drivers/STM32F1xx_HAL_Driver/Src/stm32f1xx_hal_rcc_ex.o
 .debug_line    0x0000d51e     0x34cb ./Drivers/STM32F1xx_HAL_Driver/Src/stm32f1xx_hal_tim.o
 .debug_line    0x000109e9     0x18a1 ./Drivers/STM32F1xx_HAL_Driver/Src/stm32f1xx_hal_tim_ex.o
 .debug_line    0x0001228a     0x24f9 ./Drivers/STM32F1xx_HAL_Driver/Src/stm32f1xx_hal_uart.o
 .debug_line    0x00014783     0x250a ./Middlewares/Third_Party/FreeRTOS/Source/CMSIS_RTOS_V2/cmsis_os2.o
 .debug_line    0x00016c8d      0xb6b ./Middlewares/Third_Party/FreeRTOS/Source/event_groups.o
 .debug_line    0x000177f8      0x796 ./Middlewares/Third_Party/FreeRTOS/Source/list.o
 .debug_line    0x00017f8e     0x1707 ./Middlewares/Third_Party/FreeRTOS/Source/queue.o
 .debug_line    0x00019695     0x1cad ./Middlewares/Third_Party/FreeRTOS/Source/tasks.o
 .debug_line    0x0001b342      0xdd6 ./Middlewares/Third_Party/FreeRTOS/Source/timers.o
 .debug_line    0x0001c118      0x8f4 ./Middlewares/Third_Party/FreeRTOS/Source/portable/GCC/ARM_CM3/port.o
 .debug_line    0x0001ca0c      0x9ac ./Middlewares/Third_Party/FreeRTOS/Source/portable/MemMang/heap_4.o

.debug_str      0x00000000    0x9a92e